Component: ARM Compiler 5.06 update 4 (build 422) Tool: armlink [4d35d2]

==============================================================================

Section Cross References

    main.o(.text) refers to _printf_percent.o(.ARM.Collect$$_printf_percent$$00000000) for _printf_percent
    main.o(.text) refers to _printf_f.o(.ARM.Collect$$_printf_percent$$00000003) for _printf_f
    main.o(.text) refers to printf1.o(x$fpl$printf1) for _printf_fp_dec
    main.o(.text) refers to temandhum.o(.text) for SHT_GetValue
    main.o(.text) refers to faddsub_clz.o(x$fpl$fsub) for __aeabi_fsub
    main.o(.text) refers to f2d.o(x$fpl$f2d) for __aeabi_f2d
    main.o(.text) refers to noretval__2printf.o(.text) for __2printf
    main.o(.text) refers to oled.o(.text) for OLED_ShowString
    main.o(.text) refers to ffixu.o(x$fpl$ffixu) for __aeabi_f2uiz
    main.o(.text) refers to fflt_clz.o(x$fpl$ffltu) for __aeabi_ui2f
    main.o(.text) refers to faddsub_clz.o(x$fpl$frsb) for __aeabi_frsub
    main.o(.text) refers to fmul.o(x$fpl$fmul) for __aeabi_fmul
    main.o(.text) refers to delay.o(.text) for delay_init
    main.o(.text) refers to misc.o(.text) for NVIC_PriorityGroupConfig
    main.o(.text) refers to usart.o(.text) for uart_init
    main.o(.text) refers to myiic.o(.text) for IIC_Init
    main.o(.text) refers to rtc.o(.text) for RTC_Init
    main.o(.text) refers to temandhum.o(.data) for Tem_Value
    main.o(.text) refers to main.o(.data) for adcx
    main.o(.text) refers to usmart_config.o(.data) for usmart_dev
    main.o(.text) refers to rtc.o(.bss) for calendar
    system_stm32f10x.o(.text) refers to system_stm32f10x.o(.data) for SystemCoreClock
    led.o(.text) refers to stm32f10x_rcc.o(.text) for RCC_APB2PeriphClockCmd
    led.o(.text) refers to stm32f10x_gpio.o(.text) for GPIO_Init
    oled.o(.text) refers to stm32f10x_rcc.o(.text) for RCC_APB2PeriphClockCmd
    oled.o(.text) refers to stm32f10x_gpio.o(.text) for GPIO_PinRemapConfig
    oled.o(.text) refers to oled.o(.bss) for OLED_GRAM
    oled.o(.text) refers to oled.o(.constdata) for asc2_1206
    myiic.o(.text) refers to stm32f10x_rcc.o(.text) for RCC_APB2PeriphClockCmd
    myiic.o(.text) refers to stm32f10x_gpio.o(.text) for GPIO_Init
    myiic.o(.text) refers to delay.o(.text) for delay_us
    temandhum.o(.text) refers to myiic.o(.text) for IIC_Start
    temandhum.o(.text) refers to delay.o(.text) for delay_ms
    temandhum.o(.text) refers to fflt_clz.o(x$fpl$ffltu) for __aeabi_ui2f
    temandhum.o(.text) refers to fmul.o(x$fpl$fmul) for __aeabi_fmul
    temandhum.o(.text) refers to fdiv.o(x$fpl$fdiv) for __aeabi_fdiv
    temandhum.o(.text) refers to faddsub_clz.o(x$fpl$fsub) for __aeabi_fsub
    temandhum.o(.text) refers to temandhum.o(.data) for buffer
    rtc.o(.text) refers to misc.o(.text) for NVIC_Init
    rtc.o(.text) refers to stm32f10x_rtc.o(.text) for RTC_GetCounter
    rtc.o(.text) refers to stm32f10x_rcc.o(.text) for RCC_APB1PeriphClockCmd
    rtc.o(.text) refers to stm32f10x_pwr.o(.text) for PWR_BackupAccessCmd
    rtc.o(.text) refers to stm32f10x_bkp.o(.text) for BKP_ReadBackupRegister
    rtc.o(.text) refers to delay.o(.text) for delay_ms
    rtc.o(.text) refers to rtc.o(.constdata) for table_week
    rtc.o(.text) refers to rtc.o(.data) for daycnt
    rtc.o(.text) refers to rtc.o(.bss) for calendar
    delay.o(.text) refers to misc.o(.text) for SysTick_CLKSourceConfig
    delay.o(.text) refers to system_stm32f10x.o(.data) for SystemCoreClock
    delay.o(.text) refers to delay.o(.data) for fac_us
    usart.o(.text) refers (Special) to use_no_semi_2.o(.text) for __use_no_semihosting
    usart.o(.text) refers to stm32f10x_rcc.o(.text) for RCC_APB2PeriphClockCmd
    usart.o(.text) refers to stm32f10x_gpio.o(.text) for GPIO_Init
    usart.o(.text) refers to misc.o(.text) for NVIC_Init
    usart.o(.text) refers to stm32f10x_usart.o(.text) for USART_Init
    usart.o(.text) refers to usart.o(.data) for USART_RX_STA
    usart.o(.text) refers to usart.o(.bss) for USART_RX_BUF
    usart.o(.bss) refers (Special) to use_no_semi_2.o(.text) for __use_no_semihosting
    usart.o(.data) refers (Special) to use_no_semi_2.o(.text) for __use_no_semihosting
    startup_stm32f10x_md.o(STACK) refers (Special) to heapauxi.o(.text) for __use_two_region_memory
    startup_stm32f10x_md.o(HEAP) refers (Special) to heapauxi.o(.text) for __use_two_region_memory
    startup_stm32f10x_md.o(RESET) refers (Special) to heapauxi.o(.text) for __use_two_region_memory
    startup_stm32f10x_md.o(RESET) refers to startup_stm32f10x_md.o(STACK) for __initial_sp
    startup_stm32f10x_md.o(RESET) refers to startup_stm32f10x_md.o(.text) for Reset_Handler
    startup_stm32f10x_md.o(RESET) refers to stm32f10x_it.o(.text) for NMI_Handler
    startup_stm32f10x_md.o(RESET) refers to rtc.o(.text) for RTC_IRQHandler
    startup_stm32f10x_md.o(RESET) refers to usmart.o(.text) for TIM4_IRQHandler
    startup_stm32f10x_md.o(RESET) refers to usart.o(.text) for USART1_IRQHandler
[...]
    stm32f10x_it.c                           0x00000000   Number         0  stm32f10x_it.o ABSOLUTE
    system_stm32f10x.c                       0x00000000   Number         0  system_stm32f10x.o ABSOLUTE
    RESET                                    0x08000000   Section      236  startup_stm32f10x_md.o(RESET)
    !!!main                                  0x080000ec   Section        8  __main.o(!!!main)
    !!!scatter                               0x080000f4   Section       52  __scatter.o(!!!scatter)
    !!dczerorl2                              0x08000128   Section       90  __dczerorl2.o(!!dczerorl2)
    !!handler_zi                             0x08000184   Section       28  __scatter_zi.o(!!handler_zi)
    .ARM.Collect$$_printf_percent$$00000000  0x080001a0   Section        0  _printf_percent.o(.ARM.Collect$$_printf_percent$$00000000)
    .ARM.Collect$$_printf_percent$$00000003  0x080001a0   Section        6  _printf_f.o(.ARM.Collect$$_printf_percent$$00000003)
    .ARM.Collect$$_printf_percent$$00000009  0x080001a6   Section        6  _printf_d.o(.ARM.Collect$$_printf_percent$$00000009)
    .ARM.Collect$$_printf_percent$$0000000A  0x080001ac   Section        6  _printf_u.o(.ARM.Collect$$_printf_percent$$0000000A)
    .ARM.Collect$$_printf_percent$$0000000C  0x080001b2   Section        6  _printf_x.o(.ARM.Collect$$_printf_percent$$0000000C)
    .ARM.Collect$$_printf_percent$$00000013  0x080001b8   Section        6  _printf_c.o(.ARM.Collect$$_printf_percent$$00000013)
    .ARM.Collect$$_printf_percent$$00000014  0x080001be   Section        6  _printf_s.o(.ARM.Collect$$_printf_percent$$00000014)
    .ARM.Collect$$_printf_percent$$00000017  0x080001c4   Section        4  _printf_percent_end.o(.ARM.Collect$$_printf_percent$$00000017)
    .ARM.Collect$$libinit$$00000000          0x080001c8   Section        2  libinit.o(.ARM.Collect$$libinit$$00000000)
    .ARM.Collect$$libinit$$00000002          0x080001ca   Section        0  libinit2.o(.ARM.Collect$$libinit$$00000002)
    .ARM.Collect$$libinit$$00000004          0x080001ca   Section        0  libinit2.o(.ARM.Collect$$libinit$$00000004)
    .ARM.Collect$$libinit$$0000000A          0x080001ca   Section        0  libinit2.o(.ARM.Collect$$libinit$$0000000A)
    .ARM.Collect$$libinit$$0000000C          0x080001ca   Section        0  libinit2.o(.ARM.Collect$$libinit$$0000000C)
    .ARM.Collect$$libinit$$0000000E          0x080001ca   Section        0  libinit2.o(.ARM.Collect$$libinit$$0000000E)
    .ARM.Collect$$libinit$$0000000F          0x080001ca   Section        6  libinit2.o(.ARM.Collect$$libinit$$0000000F)
    .ARM.Collect$$libinit$$00000011          0x080001d0   Section        0  libinit2.o(.ARM.Collect$$libinit$$00000011)
    .ARM.Collect$$libinit$$00000013          0x080001d0   Section        0  libinit2.o(.ARM.Collect$$libinit$$00000013)
    .ARM.Collect$$libinit$$00000015          0x080001d0   Section        0  libinit2.o(.ARM.Collect$$libinit$$00000015)
    .ARM.Collect$$libinit$$00000016          0x080001d0   Section       10  libinit2.o(.ARM.Collect$$libinit$$00000016)
    .ARM.Collect$$libinit$$00000017          0x080001da   Section        0  libinit2.o(.ARM.Collect$$libinit$$00000017)
    .ARM.Collect$$libinit$$00000019          0x080001da   Section        0  libinit2.o(.ARM.Collect$$libinit$$00000019)
    .ARM.Collect$$libinit$$0000001B          0x080001da   Section        0  libinit2.o(.ARM.Collect$$libinit$$0000001B)
    .ARM.Collect$$libinit$$0000001D          0x080001da   Section        0  libinit2.o(.ARM.Collect$$libinit$$0000001D)
    .ARM.Collect$$libinit$$0000001F          0x080001da   Section        0  libinit2.o(.ARM.Collect$$libinit$$0000001F)
    .ARM.Collect$$libinit$$00000021          0x080001da   Section        0  libinit2.o(.ARM.Collect$$libinit$$00000021)
    .ARM.Collect$$libinit$$00000023          0x080001da   Section        0  libinit2.o(.ARM.Collect$$libinit$$00000023)
    .ARM.Collect$$libinit$$00000025          0x080001da   Section        0  libinit2.o(.ARM.Collect$$libinit$$00000025)
    .ARM.Collect$$libinit$$0000002C          0x080001da   Section        0  libinit2.o(.ARM.Collect$$libinit$$0000002C)
    .ARM.Collect$$libinit$$0000002E          0x080001da   Section        0  libinit2.o(.ARM.Collect$$libinit$$0000002E)
    .ARM.Collect$$libinit$$00000030          0x080001da   Section        0  libinit2.o(.ARM.Collect$$libinit$$00000030)
    .ARM.Collect$$libinit$$00000032          0x080001da   Section        0  libinit2.o(.ARM.Collect$$libinit$$00000032)
    .ARM.Collect$$libinit$$00000033          0x080001da   Section        2  libinit2.o(.ARM.Collect$$libinit$$00000033)
    .ARM.Collect$$libshutdown$$00000000      0x080001dc   Section        2  libshutdown.o(.ARM.Collect$$libshutdown$$00000000)
    .ARM.Collect$$libshutdown$$00000002      0x080001de   Section        0  libshutdown2.o(.ARM.Collect$$libshutdown$$00000002)
    .ARM.Collect$$libshutdown$$00000004      0x080001de   Section        0  libshutdown2.o(.ARM.Collect$$libshutdown$$00000004)
    .ARM.Collect$$libshutdown$$00000007      0x080001de   Section        0  libshutdown2.o(.ARM.Collect$$libshutdown$$00000007)
    .ARM.Collect$$libshutdown$$0000000A      0x080001de   Section        0  libshutdown2.o(.ARM.Collect$$libshutdown$$0000000A)
    .ARM.Collect$$libshutdown$$0000000C      0x080001de   Section        0  libshutdown2.o(.ARM.Collect$$libshutdown$$0000000C)
    .ARM.Collect$$libshutdown$$0000000F      0x080001de   Section        0  libshutdown2.o(.ARM.Collect$$libshutdown$$0000000F)
    .ARM.Collect$$libshutdown$$00000010      0x080001de   Section        2  libshutdown2.o(.ARM.Collect$$libshutdown$$00000010)
    .ARM.Collect$$rtentry$$00000000          0x080001e0   Section        0  __rtentry.o(.ARM.Collect$$rtentry$$00000000)
    .ARM.Collect$$rtentry$$00000002          0x080001e0   Section        0  __rtentry2.o(.ARM.Collect$$rtentry$$00000002)
    .ARM.Collect$$rtentry$$00000004          0x080001e0   Section        6  __rtentry4.o(.ARM.Collect$$rtentry$$00000004)
    .ARM.Collect$$rtentry$$00000009          0x080001e6   Section        0  __rtentry2.o(.ARM.Collect$$rtentry$$00000009)
    .ARM.Collect$$rtentry$$0000000A          0x080001e6   Section        4  __rtentry2.o(.ARM.Collect$$rtentry$$0000000A)
    .ARM.Collect$$rtentry$$0000000C          0x080001ea   Section        0  __rtentry2.o(.ARM.Collect$$rtentry$$0000000C)
    .ARM.Collect$$rtentry$$0000000D          0x080001ea   Section        8  __rtentry2.o(.ARM.Collect$$rtentry$$0000000D)
    .ARM.Collect$$rtexit$$00000000           0x080001f2   Section        2  rtexit.o(.ARM.Collect$$rtexit$$00000000)
    .ARM.Collect$$rtexit$$00000002           0x080001f4   Section        0  rtexit2.o(.ARM.Collect$$rtexit$$00000002)
    .ARM.Collect$$rtexit$$00000003           0x080001f4   Section        4  rtexit2.o(.ARM.Collect$$rtexit$$00000003)
    .ARM.Collect$$rtexit$$00000004           0x080001f8   Section        6  rtexit2.o(.ARM.Collect$$rtexit$$00000004)
    .text                                    0x08000200   Section        0  main.o(.text)
    .text                                    0x0800059c   Section        0  stm32f10x_it.o(.text)
    .text                                    0x080005b8   Section        0  system_stm32f10x.o(.text)
    SetSysClockTo72                          0x080005b9   Thumb Code   214  system_stm32f10x.o(.text)
    SetSysClock                              0x0800068f   Thumb Code     8  system_stm32f10x.o(.text)
    .text                                    0x08000798   Section        0  oled.o(.text)
    .text                                    0x08000cc4   Section        0  myiic.o(.text)
    .text                                    0x08000f54   Section        0  temandhum.o(.text)
    .text                                    0x08001228   Section        0  rtc.o(.text)
    RTC_NVIC_Config                          0x08001229   Thumb Code    32  rtc.o(.text)
    .text                                    0x080015a4   Section        0  delay.o(.text)
    .text                                    0x08001678   Section        0  usart.o(.text)
    .text                                    0x080017b8   Section       64  startup_stm32f10x_md.o(.text)
    .text                                    0x080017f8   Section        0  stm32f10x_gpio.o(.text)
    .text                                    0x08001b54   Section        0  stm32f10x_rcc.o(.text)
    .text                                    0x08001ef8   Section        0  stm32f10x_usart.o(.text)
    .text                                    0x08002300   Section        0  misc.o(.text)
    .text                                    0x080023dc   Section        0  stm32f10x_rtc.o(.text)
    .text                                    0x08002524   Section        0  stm32f10x_bkp.o(.text)
    .text                                    0x080025e8   Section        0  stm32f10x_tim.o(.text)
    TI4_Config                               0x08002a8f   Thumb Code   130  stm32f10x_tim.o(.text)
    TI3_Config                               0x08002b23   Thumb Code   122  stm32f10x_tim.o(.text)
    TI2_Config                               0x08002bb7   Thumb Code   130  stm32f10x_tim.o(.text)
    TI1_Config                               0x08002c4b   Thumb Code   108  stm32f10x_tim.o(.text)
    .text                                    0x08003404   Section        0  stm32f10x_pwr.o(.text)
    .text                                    0x080034d0   Section        0  usmart.o(.text)
    .text                                    0x08004110   Section        0  usmart_str.o(.text)
    .text                                    0x08004638   Section        2  use_no_semi_2.o(.text)
    .text                                    0x0800463c   Section        0  noretval__2printf.o(.text)
    .text                                    0x08004654   Section        0  _printf_pad.o(.text)
    .text                                    0x080046a2   Section        0  _printf_str.o(.text)
    .text                                    0x080046f4   Section        0  _printf_dec.o(.text)
    .text                                    0x0800476c   Section        0  _printf_hex_int.o(.text)
    .text                                    0x080047c4   Section        0  __printf_flags_ss_wp.o(.text)
    .text                                    0x0800494c   Section        0  heapauxi.o(.text)
    .text                                    0x08004952   Section        2  use_no_semi.o(.text)
    .text                                    0x08004954   Section        0  _printf_intcommon.o(.text)
    .text                                    0x08004a06   Section        0  _printf_fp_dec.o(.text)
    _fp_digits                               0x08004a09   Thumb Code   428  _printf_fp_dec.o(.text)
    .text                                    0x08004e20   Section        0  _printf_char.o(.text)
    .text                                    0x08004e4c   Section        0  _printf_char_file.o(.text)
    .text                                    0x08004e70   Section        8  rt_locale_intlibspace.o(.text)
    .text                                    0x08004e78   Section      138  lludiv10.o(.text)
    .text                                    0x08004f04   Section        0  _printf_char_common.o(.text)
    _printf_input_char                       0x08004f05   Thumb Code    10  _printf_char_common.o(.text)
    .text                                    0x08004f34   Section        0  _printf_fp_infnan.o(.text)
    .text                                    0x08004fb4   Section        0  bigflt0.o(.text)
    .text                                    0x08005090   Section        0  ferror.o(.text)
    .text                                    0x08005098   Section        8  libspace.o(.text)
    .text                                    0x080050a0   Section       74  sys_stackheap_outer.o(.text)
    .text                                    0x080050ea   Section        0  exit.o(.text)
    .text                                    0x080050fc   Section      128  strcmpv7m.o(.text)
    CL$$btod_d2e                             0x0800517c   Section       62  btod.o(CL$$btod_d2e)
    CL$$btod_d2e_denorm_low                  0x080051ba   Section       70  btod.o(CL$$btod_d2e_denorm_low)
    CL$$btod_d2e_norm_op1                    0x08005200   Section       96  btod.o(CL$$btod_d2e_norm_op1)
    CL$$btod_div_common                      0x08005260   Section      824  btod.o(CL$$btod_div_common)
    CL$$btod_e2e                             0x08005598   Section      198  btod.o(CL$$btod_e2e)
    CL$$btod_ediv                            0x0800565e   Section       40  btod.o(CL$$btod_ediv)
    CL$$btod_emul                            0x08005686   Section       40  btod.o(CL$$btod_emul)
    CL$$btod_mult_common                     0x080056ae   Section      580  btod.o(CL$$btod_mult_common)
    i.__ARM_fpclassify                       0x080058f2   Section        0  fpclassify.o(i.__ARM_fpclassify)
    i._is_digit                              0x0800591a   Section        0  __printf_wp.o(i._is_digit)
    locale$$code                             0x08005928   Section       44  lc_numeric_c.o(locale$$code)
    x$fpl$dretinf                            0x08005954   Section       12  dretinf.o(x$fpl$dretinf)
    x$fpl$f2d                                0x08005960   Section       86  f2d.o(x$fpl$f2d)
    x$fpl$fadd                               0x080059b8   Section      196  faddsub_clz.o(x$fpl$fadd)
    _fadd1                                   0x080059c7   Thumb Code     0  faddsub_clz.o(x$fpl$fadd)
    x$fpl$fdiv                               0x08005a7c   Section      388  fdiv.o(x$fpl$fdiv)
    _fdiv1                                   0x08005a7d   Thumb Code     0  fdiv.o(x$fpl$fdiv)
    x$fpl$ffixu                              0x08005c00   Section       62  ffixu.o(x$fpl$ffixu)
    x$fpl$ffltu                              0x08005c40   Section       38  fflt_clz.o(x$fpl$ffltu)
    x$fpl$fmul                               0x08005c68   Section      258  fmul.o(x$fpl$fmul)
    x$fpl$fnaninf                            0x08005d6a   Section      140  fnaninf.o(x$fpl$fnaninf)
    x$fpl$fretinf                            0x08005df6   Section       10  fretinf.o(x$fpl$fretinf)
    x$fpl$frsb                               0x08005e00   Section       20  faddsub_clz.o(x$fpl$frsb)
    x$fpl$fsub                               0x08005e14   Section      234  faddsub_clz.o(x$fpl$fsub)
    _fsub1                                   0x08005e23   Thumb Code     0  faddsub_clz.o(x$fpl$fsub)
    x$fpl$printf1                            0x08005efe   Section        4  printf1.o(x$fpl$printf1)
    .constdata                               0x08005f02   Section     6080  oled.o(.constdata)
    x$fpl$usenofp                            0x08005f02   Section        0  usenofp.o(x$fpl$usenofp)
    .constdata                               0x080076c2   Section       24  rtc.o(.constdata)
    .constdata                               0x080076da   Section       40  _printf_hex_int.o(.constdata)
    uc_hextab                                0x080076da   Data          20  _printf_hex_int.o(.constdata)
    lc_hextab                                0x080076ee   Data          20  _printf_hex_int.o(.constdata)
    .constdata                               0x08007702   Section       17  __printf_flags_ss_wp.o(.constdata)
    maptable                                 0x08007702   Data          17  __printf_flags_ss_wp.o(.constdata)
    .constdata                               0x08007714   Section      148  bigflt0.o(.constdata)
    tenpwrs_x                                0x08007714   Data          60  bigflt0.o(.constdata)
    tenpwrs_i                                0x08007750   Data          64  bigflt0.o(.constdata)
    .conststring                             0x080077a8   Section       40  usmart.o(.conststring)
    .conststring                             0x080077d0   Section      171  usmart_config.o(.conststring)
    locale$$data                             0x0800789c   Section       28  lc_numeric_c.o(locale$$data)
    __lcnum_c_name                           0x080078a0   Data           2  lc_numeric_c.o(locale$$data)
    __lcnum_c_start                          0x080078a8   Data           0  lc_numeric_c.o(locale$$data)
    __lcnum_c_point                          0x080078b4   Data           0  lc_numeric_c.o(locale$$data)
    __lcnum_c_thousands                      0x080078b6   Data           0  lc_numeric_c.o(locale$$data)
    __lcnum_c_grouping                       0x080078b7   Data           0  lc_numeric_c.o(locale$$data)
    __lcnum_c_end                            0x080078b8   Data           0  lc_numeric_c.o(locale$$data)
    .data                                    0x20000000   Section        2  main.o(.data)
    .data                                    0x20000004   Section       20  system_stm32f10x.o(.data)
    .data                                    0x20000018   Section       14  temandhum.o(.data)
    .data                                    0x20000026   Section        2  rtc.o(.data)
    daycnt                                   0x20000026   Data           2  rtc.o(.data)
    .data                                    0x20000028   Section        4  delay.o(.data)
    fac_us                                   0x20000028   Data           1  delay.o(.data)
    fac_ms                                   0x2000002a   Data           2  delay.o(.data)
    .data                                    0x2000002c   Section        6  usart.o(.data)
    .data                                    0x20000032   Section       20  stm32f10x_rcc.o(.data)
    APBAHBPrescTable                         0x20000032   Data          16  stm32f10x_rcc.o(.data)
    ADCPrescTable                            0x20000042   Data           4  stm32f10x_rcc.o(.data)
    .data                                    0x20000048   Section       28  usmart.o(.data)
    .data                                    0x20000064   Section      284  usmart_config.o(.data)
    .bss                                     0x20000180   Section     1024  oled.o(.bss)
    .bss                                     0x20000580   Section       10  rtc.o(.bss)
    .bss                                     0x2000058a   Section      200  usart.o(.bss)
    .bss                                     0x20000654   Section       96  libspace.o(.bss)
    HEAP                                     0x200006b8   Section      512  startup_stm32f10x_md.o(HEAP)
    Heap_Mem                                 0x200006b8   Data         512  startup_stm32f10x_md.o(HEAP)
    STACK                                    0x200008b8   Section     1024  startup_stm32f10x_md.o(STACK)
    Stack_Mem                                0x200008b8   Data        1024  startup_stm32f10x_md.o(STACK)
    __initial_sp                             0x20000cb8   Data           0  startup_stm32f10x_md.o(STACK)

    Global Symbols

    Symbol Name                              Value     Ov Type        Size  Object(Section)

    BuildAttributes$$THM_ISAv4$P$D$K$B$S$PE$A:L22UL41UL21$X:L11$S22US41US21$IEEE1$IW$USESV6$~STKCKD$USESV7$~SHL$OTIME$ROPI$IEEEJ$EBA8$UX$STANDARDLIB$REQ8$PRES8$EABIv2 0x00000000   Number         0  anon$$obj.o ABSOLUTE
    __ARM_use_no_argv                        0x00000000   Number         0  main.o ABSOLUTE
    _printf_flags                            0x00000000   Number         0  printf_stubs.o ABSOLUTE
    _printf_return_value                     0x00000000   Number         0  printf_stubs.o ABSOLUTE
    _printf_sizespec                         0x00000000   Number         0  printf_stubs.o ABSOLUTE
    _printf_widthprec                        0x00000000   Number         0  printf_stubs.o ABSOLUTE
    __ARM_exceptions_init                     - Undefined Weak Reference
    __alloca_initialize                       - Undefined Weak Reference
    __arm_preinit_                            - Undefined Weak Reference
    __cpp_initialize__aeabi_                  - Undefined Weak Reference
    __cxa_finalize                            - Undefined Weak Reference
    __sigvec_lookup                           - Undefined Weak Reference
    _atexit_init                              - Undefined Weak Reference
    _call_atexit_fns                          - Undefined Weak Reference
    _clock_init                               - Undefined Weak Reference
    _fp_trap_init                             - Undefined Weak Reference
    _fp_trap_shutdown                         - Undefined Weak Reference
    _get_lc_collate                           - Undefined Weak Reference
    _get_lc_ctype                             - Undefined Weak Reference
    _get_lc_monetary                          - Undefined Weak Reference
    _get_lc_time                              - Undefined Weak Reference
    _getenv_init                              - Undefined Weak Reference
    _handle_redirection                       - Undefined Weak Reference
    _init_alloc                               - Undefined Weak Reference
    _init_user_alloc                          - Undefined Weak Reference
    _initio                                   - Undefined Weak Reference
    _mutex_acquire                            - Undefined Weak Reference
    _mutex_release                            - Undefined Weak Reference
    _printf_mbtowc                            - Undefined Weak Reference
    _printf_truncate_signed                   - Undefined Weak Reference
    _printf_truncate_unsigned                 - Undefined Weak Reference
    _rand_init                                - Undefined Weak Reference
    _signal_finish                            - Undefined Weak Reference
    _signal_init                              - Undefined Weak Reference
    _terminate_alloc                          - Undefined Weak Reference
    _terminate_user_alloc                     - Undefined Weak Reference
    _terminateio                              - Undefined Weak Reference
    __Vectors_Size                           0x000000ec   Number         0  startup_stm32f10x_md.o ABSOLUTE
    __Vectors                                0x08000000   Data           4  startup_stm32f10x_md.o(RESET)
    __Vectors_End                            0x080000ec   Data           0  startup_stm32f10x_md.o(RESET)
    __main                                   0x080000ed   Thumb Code     8  __main.o(!!!main)
    __scatterload                            0x080000f5   Thumb Code     0  __scatter.o(!!!scatter)
    __scatterload_rt2                        0x080000f5   Thumb Code    44  __scatter.o(!!!scatter)
    __scatterload_rt2_thumb_only             0x080000f5   Thumb Code     0  __scatter.o(!!!scatter)
    __scatterload_null                       0x08000103   Thumb Code     0  __scatter.o(!!!scatter)
    __decompress                             0x08000129   Thumb Code    90  __dczerorl2.o(!!dczerorl2)
    __decompress1                            0x08000129   Thumb Code     0  __dczerorl2.o(!!dczerorl2)
    __scatterload_zeroinit                   0x08000185   Thumb Code    28  __scatter_zi.o(!!handler_zi)
    _printf_f                                0x080001a1   Thumb Code     0  _printf_f.o(.ARM.Collect$$_printf_percent$$00000003)
    _printf_percent                          0x080001a1   Thumb Code     0  _printf_percent.o(.ARM.Collect$$_printf_percent$$00000000)
    _printf_d                                0x080001a7   Thumb Code     0  _printf_d.o(.ARM.Collect$$_printf_percent$$00000009)
    _printf_u                                0x080001ad   Thumb Code     0  _printf_u.o(.ARM.Collect$$_printf_percent$$0000000A)
    _printf_x                                0x080001b3   Thumb Code     0  _printf_x.o(.ARM.Collect$$_printf_percent$$0000000C)
    _printf_c                                0x080001b9   Thumb Code     0  _printf_c.o(.ARM.Collect$$_printf_percent$$00000013)
    _printf_s                                0x080001bf   Thumb Code     0  _printf_s.o(.ARM.Collect$$_printf_percent$$00000014)
    _printf_percent_end                      0x080001c5   Thumb Code     0  _printf_percent_end.o(.ARM.Collect$$_printf_percent$$00000017)
    __rt_lib_init                            0x080001c9   Thumb Code     0  libinit.o(.ARM.Collect$$libinit$$00000000)
    __rt_lib_init_fp_1                       0x080001cb   Thumb Code     0  libinit2.o(.ARM.Collect$$libinit$$00000002)
    __rt_lib_init_heap_1                     0x080001cb   Thumb Code     0  libinit2.o(.ARM.Collect$$libinit$$0000000A)
    __rt_lib_init_lc_common                  0x080001cb   Thumb Code     0  libinit2.o(.ARM.Collect$$libinit$$0000000F)
    __rt_lib_init_preinit_1                  0x080001cb   Thumb Code     0  libinit2.o(.ARM.Collect$$libinit$$00000004)
    __rt_lib_init_rand_1                     0x080001cb   Thumb Code     0  libinit2.o(.ARM.Collect$$libinit$$0000000E)
    __rt_lib_init_user_alloc_1               0x080001cb   Thumb Code     0  libinit2.o(.ARM.Collect$$libinit$$0000000C)
    __rt_lib_init_lc_collate_1               0x080001d1   Thumb Code     0  libinit2.o(.ARM.Collect$$libinit$$00000011)
    __rt_lib_init_lc_ctype_1                 0x080001d1   Thumb Code     0  libinit2.o(.ARM.Collect$$libinit$$00000013)
    __rt_lib_init_lc_monetary_1              0x080001d1   Thumb Code     0  libinit2.o(.ARM.Collect$$libinit$$00000015)
    __rt_lib_init_lc_numeric_2               0x080001d1   Thumb Code     0  libinit2.o(.ARM.Collect$$libinit$$00000016)
    __rt_lib_init_alloca_1                   0x080001db   Thumb Code     0  libinit2.o(.ARM.Collect$$libinit$$0000002E)
    __rt_lib_init_argv_1                     0x080001db   Thumb Code     0  libinit2.o(.ARM.Collect$$libinit$$0000002C)
    __rt_lib_init_atexit_1                   0x080001db   Thumb Code     0  libinit2.o(.ARM.Collect$$libinit$$0000001B)
    __rt_lib_init_clock_1                    0x080001db   Thumb Code     0  libinit2.o(.ARM.Collect$$libinit$$00000021)
    __rt_lib_init_cpp_1                      0x080001db   Thumb Code     0  libinit2.o(.ARM.Collect$$libinit$$00000032)
    __rt_lib_init_exceptions_1               0x080001db   Thumb Code     0  libinit2.o(.ARM.Collect$$libinit$$00000030)
    __rt_lib_init_fp_trap_1                  0x080001db   Thumb Code     0  libinit2.o(.ARM.Collect$$libinit$$0000001F)
    __rt_lib_init_getenv_1                   0x080001db   Thumb Code     0  libinit2.o(.ARM.Collect$$libinit$$00000023)
    __rt_lib_init_lc_numeric_1               0x080001db   Thumb Code     0  libinit2.o(.ARM.Collect$$libinit$$00000017)
    __rt_lib_init_lc_time_1                  0x080001db   Thumb Code     0  libinit2.o(.ARM.Collect$$libinit$$00000019)
    __rt_lib_init_return                     0x080001db   Thumb Code     0  libinit2.o(.ARM.Collect$$libinit$$00000033)
    __rt_lib_init_signal_1                   0x080001db   Thumb Code     0  libinit2.o(.ARM.Collect$$libinit$$0000001D)
    __rt_lib_init_stdio_1                    0x080001db   Thumb Code     0  libinit2.o(.ARM.Collect$$libinit$$00000025)
    __rt_lib_shutdown                        0x080001dd   Thumb Code     0  libshutdown.o(.ARM.Collect$$libshutdown$$00000000)
    __rt_lib_shutdown_cpp_1                  0x080001df   Thumb Code     0  libshutdown2.o(.ARM.Collect$$libshutdown$$00000002)
    __rt_lib_shutdown_fp_trap_1              0x080001df   Thumb Code     0  libshutdown2.o(.ARM.Collect$$libshutdown$$00000007)
    __rt_lib_shutdown_heap_1                 0x080001df   Thumb Code     0  libshutdown2.o(.ARM.Collect$$libshutdown$$0000000F)
    __rt_lib_shutdown_return                 0x080001df   Thumb Code     0  libshutdown2.o(.ARM.Collect$$libshutdown$$00000010)
    __rt_lib_shutdown_signal_1               0x080001df   Thumb Code     0  libshutdown2.o(.ARM.Collect$$libshutdown$$0000000A)
    __rt_lib_shutdown_stdio_1                0x080001df   Thumb Code     0  libshutdown2.o(.ARM.Collect$$libshutdown$$00000004)
    __rt_lib_shutdown_user_alloc_1           0x080001df   Thumb Code     0  libshutdown2.o(.ARM.Collect$$libshutdown$$0000000C)
    __rt_entry                               0x080001e1   Thumb Code     0  __rtentry.o(.ARM.Collect$$rtentry$$00000000)
    __rt_entry_presh_1                       0x080001e1   Thumb Code     0  __rtentry2.o(.ARM.Collect$$rtentry$$00000002)
    __rt_entry_sh                            0x080001e1   Thumb Code     0  __rtentry4.o(.ARM.Collect$$rtentry$$00000004)
    __rt_entry_li                            0x080001e7   Thumb Code     0  __rtentry2.o(.ARM.Collect$$rtentry$$0000000A)
    __rt_entry_postsh_1                      0x080001e7   Thumb Code     0  __rtentry2.o(.ARM.Collect$$rtentry$$00000009)
    __rt_entry_main                          0x080001eb   Thumb Code     0  __rtentry2.o(.ARM.Collect$$rtentry$$0000000D)
    __rt_entry_postli_1                      0x080001eb   Thumb Code     0  __rtentry2.o(.ARM.Collect$$rtentry$$0000000C)
    __rt_exit                                0x080001f3   Thumb Code     0  rtexit.o(.ARM.Collect$$rtexit$$00000000)
    __rt_exit_ls                             0x080001f5   Thumb Code     0  rtexit2.o(.ARM.Collect$$rtexit$$00000003)
    __rt_exit_prels_1                        0x080001f5   Thumb Code     0  rtexit2.o(.ARM.Collect$$rtexit$$00000002)
    __rt_exit_exit                           0x080001f9   Thumb Code     0  rtexit2.o(.ARM.Collect$$rtexit$$00000004)
    oled_task                                0x08000201   Thumb Code   334  main.o(.text)
    main                                     0x0800034f   Thumb Code   394  main.o(.text)
    NMI_Handler                              0x0800059d   Thumb Code     2  stm32f10x_it.o(.text)
    HardFault_Handler                        0x0800059f   Thumb Code     4  stm32f10x_it.o(.text)
    MemManage_Handler                        0x080005a3   Thumb Code     4  stm32f10x_it.o(.text)
    BusFault_Handler                         0x080005a7   Thumb Code     4  stm32f10x_it.o(.text)
    UsageFault_Handler                       0x080005ab   Thumb Code     4  stm32f10x_it.o(.text)
    SVC_Handler                              0x080005af   Thumb Code     2  stm32f10x_it.o(.text)
    DebugMon_Handler                         0x080005b1   Thumb Code     2  stm32f10x_it.o(.text)
    PendSV_Handler                           0x080005b3   Thumb Code     2  stm32f10x_it.o(.text)
    SysTick_Handler                          0x080005b5   Thumb Code     2  stm32f10x_it.o(.text)
    SystemInit                               0x08000697   Thumb Code    78  system_stm32f10x.o(.text)
    SystemCoreClockUpdate                    0x080006e5   Thumb Code   142  system_stm32f10x.o(.text)
    OLED_Data_Out                            0x08000799   Thumb Code    74  oled.o(.text)
    OLED_WR_Byte                             0x080007e3   Thumb Code    48  oled.o(.text)
    OLED_Refresh_Gram                        0x08000813   Thumb Code    70  oled.o(.text)
    OLED_Display_On                          0x08000859   Thumb Code    28  oled.o(.text)
    OLED_Display_Off                         0x08000875   Thumb Code    28  oled.o(.text)
    OLED_Clear                               0x08000891   Thumb Code    42  oled.o(.text)
    OLED_DrawPoint                           0x080008bb   Thumb Code   100  oled.o(.text)
    OLED_Fill                                0x0800091f   Thumb Code    58  oled.o(.text)
    OLED_ShowChar                            0x08000959   Thumb Code   254  oled.o(.text)
    mypow                                    0x08000a57   Thumb Code    22  oled.o(.text)
    OLED_ShowNum                             0x08000a6d   Thumb Code   148  oled.o(.text)
    OLED_ShowString                          0x08000b01   Thumb Code    94  oled.o(.text)
    OLED_Init                                0x08000b5f   Thumb Code   348  oled.o(.text)
    IIC_Init                                 0x08000cc5   Thumb Code    50  myiic.o(.text)
    IIC_Start                                0x08000cf7   Thumb Code    68  myiic.o(.text)
    IIC_Stop                                 0x08000d3b   Thumb Code    70  myiic.o(.text)
    IIC_Wait_Ack                             0x08000d81   Thumb Code    94  myiic.o(.text)
    IIC_Ack                                  0x08000ddf   Thumb Code    74  myiic.o(.text)
    IIC_NAck                                 0x08000e29   Thumb Code    74  myiic.o(.text)
    IIC_Send_Byte                            0x08000e73   Thumb Code   108  myiic.o(.text)
    IIC_Read_Byte                            0x08000edf   Thumb Code   104  myiic.o(.text)
    SHT3X_WriteCMD                           0x08000f55   Thumb Code    50  temandhum.o(.text)
    SHT3X_SetPeriodicMeasurement             0x08000f87   Thumb Code    12  temandhum.o(.text)
    SHT3X_ReadState                          0x08000f93   Thumb Code    88  temandhum.o(.text)
    SHX3X_ReadResults                        0x08000feb   Thumb Code   120  temandhum.o(.text)
    IC_Read_Byte                             0x08001063   Thumb Code    84  temandhum.o(.text)
    SHT_Init                                 0x080010b7   Thumb Code    20  temandhum.o(.text)
    SHT3X_CalcCrc                            0x080010cb   Thumb Code    58  temandhum.o(.text)
    SHT3X_CheckCrc                           0x08001105   Thumb Code    30  temandhum.o(.text)
    SHT3X_CalcTemperature                    0x08001123   Thumb Code    44  temandhum.o(.text)
    SHT3X_CalcRH                             0x0800114f   Thumb Code    36  temandhum.o(.text)
    SHT_GetValue                             0x08001173   Thumb Code   140  temandhum.o(.text)
    RTC_Get_Week                             0x08001249   Thumb Code   116  rtc.o(.text)
    Is_Leap_Year                             0x080012bd   Thumb Code    58  rtc.o(.text)
    RTC_Get                                  0x080012f7   Thumb Code   240  rtc.o(.text)
    RTC_Set                                  0x080013e7   Thumb Code   188  rtc.o(.text)
    RTC_Init                                 0x080014a3   Thumb Code   190  rtc.o(.text)
    RTC_IRQHandler                           0x08001561   Thumb Code    40  rtc.o(.text)
    delay_init                               0x080015a5   Thumb Code    50  delay.o(.text)
    delay_us                                 0x080015d7   Thumb Code    72  delay.o(.text)
    delay_ms                                 0x0800161f   Thumb Code    72  delay.o(.text)
    _sys_exit                                0x08001679   Thumb Code     6  usart.o(.text)
    fputc                                    0x0800167f   Thumb Code    24  usart.o(.text)
    uart_init                                0x08001697   Thumb Code   152  usart.o(.text)
    USART1_IRQHandler                        0x0800172f   Thumb Code   122  usart.o(.text)
    Reset_Handler                            0x080017b9   Thumb Code     8  startup_stm32f10x_md.o(.text)
    ADC1_2_IRQHandler                        0x080017d3   Thumb Code     0  startup_stm32f10x_md.o(.text)
    CAN1_RX1_IRQHandler                      0x080017d3   Thumb Code     0  startup_stm32f10x_md.o(.text)
    CAN1_SCE_IRQHandler                      0x080017d3   Thumb Code     0  startup_stm32f10x_md.o(.text)
    DMA1_Channel1_IRQHandler                 0x080017d3   Thumb Code     0  startup_stm32f10x_md.o(.text)
    DMA1_Channel2_IRQHandler                 0x080017d3   Thumb Code     0  startup_stm32f10x_md.o(.text)
    DMA1_Channel3_IRQHandler                 0x080017d3   Thumb Code     0  startup_stm32f10x_md.o(.text)
    DMA1_Channel4_IRQHandler                 0x080017d3   Thumb Code     0  startup_stm32f10x_md.o(.text)
    DMA1_Channel5_IRQHandler                 0x080017d3   Thumb Code     0  startup_stm32f10x_md.o(.text)
    DMA1_Channel6_IRQHandler                 0x080017d3   Thumb Code     0  startup_stm32f10x_md.o(.text)
    DMA1_Channel7_IRQHandler                 0x080017d3   Thumb Code     0  startup_stm32f10x_md.o(.text)
    EXTI0_IRQHandler                         0x080017d3   Thumb Code     0  startup_stm32f10x_md.o(.text)
    EXTI15_10_IRQHandler                     0x080017d3   Thumb Code     0  startup_stm32f10x_md.o(.text)
    EXTI1_IRQHandler                         0x080017d3   Thumb Code     0  startup_stm32f10x_md.o(.text)
    EXTI2_IRQHandler                         0x080017d3   Thumb Code     0  startup_stm32f10x_md.o(.text)
    EXTI3_IRQHandler                         0x080017d3   Thumb Code     0  startup_stm32f10x_md.o(.text)
    EXTI4_IRQHandler                         0x080017d3   Thumb Code     0  startup_stm32f10x_md.o(.text)
    EXTI9_5_IRQHandler                       0x080017d3   Thumb Code     0  startup_stm32f10x_md.o(.text)
    FLASH_IRQHandler                         0x080017d3   Thumb Code     0  startup_stm32f10x_md.o(.text)
    I2C1_ER_IRQHandler                       0x080017d3   Thumb Code     0  startup_stm32f10x_md.o(.text)
    I2C1_EV_IRQHandler                       0x080017d3   Thumb Code     0  startup_stm32f10x_md.o(.text)
    I2C2_ER_IRQHandler                       0x080017d3   Thumb Code     0  startup_stm32f10x_md.o(.text)
    I2C2_EV_IRQHandler                       0x080017d3   Thumb Code     0  startup_stm32f10x_md.o(.text)
    PVD_IRQHandler                           0x080017d3   Thumb Code     0  startup_stm32f10x_md.o(.text)
    RCC_IRQHandler                           0x080017d3   Thumb Code     0  startup_stm32f10x_md.o(.text)
    RTCAlarm_IRQHandler                      0x080017d3   Thumb Code     0  startup_stm32f10x_md.o(.text)
    SPI1_IRQHandler                          0x080017d3   Thumb Code     0  startup_stm32f10x_md.o(.text)
    SPI2_IRQHandler                          0x080017d3   Thumb Code     0  startup_stm32f10x_md.o(.text)
    TAMPER_IRQHandler                        0x080017d3   Thumb Code     0  startup_stm32f10x_md.o(.text)
    TIM1_BRK_IRQHandler                      0x080017d3   Thumb Code     0  startup_stm32f10x_md.o(.text)
    TIM1_CC_IRQHandler                       0x080017d3   Thumb Code     0  startup_stm32f10x_md.o(.text)
    TIM1_TRG_COM_IRQHandler                  0x080017d3   Thumb Code     0  startup_stm32f10x_md.o(.text)
    TIM1_UP_IRQHandler                       0x080017d3   Thumb Code     0  startup_stm32f10x_md.o(.text)
    TIM2_IRQHandler                          0x080017d3   Thumb Code     0  startup_stm32f10x_md.o(.text)
    TIM3_IRQHandler                          0x080017d3   Thumb Code     0  startup_stm32f10x_md.o(.text)
    USART2_IRQHandler                        0x080017d3   Thumb Code     0  startup_stm32f10x_md.o(.text)
    USART3_IRQHandler                        0x080017d3   Thumb Code     0  startup_stm32f10x_md.o(.text)
    USBWakeUp_IRQHandler                     0x080017d3   Thumb Code     0  startup_stm32f10x_md.o(.text)
    USB_HP_CAN1_TX_IRQHandler                0x080017d3   Thumb Code     0  startup_stm32f10x_md.o(.text)
    USB_LP_CAN1_RX0_IRQHandler               0x080017d3   Thumb Code     0  startup_stm32f10x_md.o(.text)
    WWDG_IRQHandler                          0x080017d3   Thumb Code     0  startup_stm32f10x_md.o(.text)
    __user_initial_stackheap                 0x080017d5   Thumb Code     0  startup_stm32f10x_md.o(.text)
    GPIO_DeInit                              0x080017f9   Thumb Code   172  stm32f10x_gpio.o(.text)
    GPIO_AFIODeInit                          0x080018a5   Thumb Code    20  stm32f10x_gpio.o(.text)
    GPIO_Init                                0x080018b9   Thumb Code   278  stm32f10x_gpio.o(.text)
    GPIO_StructInit                          0x080019cf   Thumb Code    16  stm32f10x_gpio.o(.text)
    GPIO_ReadInputDataBit                    0x080019df   Thumb Code    18  stm32f10x_gpio.o(.text)
    GPIO_ReadInputData                       0x080019f1   Thumb Code     8  stm32f10x_gpio.o(.text)
    GPIO_ReadOutputDataBit                   0x080019f9   Thumb Code    18  stm32f10x_gpio.o(.text)
    GPIO_ReadOutputData                      0x08001a0b   Thumb Code     8  stm32f10x_gpio.o(.text)
    GPIO_SetBits                             0x08001a13   Thumb Code     4  stm32f10x_gpio.o(.text)
    GPIO_ResetBits                           0x08001a17   Thumb Code     4  stm32f10x_gpio.o(.text)
    GPIO_WriteBit                            0x08001a1b   Thumb Code    10  stm32f10x_gpio.o(.text)
    GPIO_Write                               0x08001a25   Thumb Code     4  stm32f10x_gpio.o(.text)
    GPIO_PinLockConfig                       0x08001a29   Thumb Code    18  stm32f10x_gpio.o(.text)
    GPIO_EventOutputConfig                   0x08001a3b   Thumb Code    26  stm32f10x_gpio.o(.text)
    GPIO_EventOutputCmd                      0x08001a55   Thumb Code     6  stm32f10x_gpio.o(.text)
    GPIO_PinRemapConfig                      0x08001a5b   Thumb Code   138  stm32f10x_gpio.o(.text)
    GPIO_EXTILineConfig                      0x08001ae5   Thumb Code    66  stm32f10x_gpio.o(.text)
    GPIO_ETH_MediaInterfaceConfig            0x08001b27   Thumb Code     8  stm32f10x_gpio.o(.text)
    RCC_DeInit                               0x08001b55   Thumb Code    64  stm32f10x_rcc.o(.text)
    RCC_HSEConfig                            0x08001b95   Thumb Code    70  stm32f10x_rcc.o(.text)
    RCC_GetFlagStatus                        0x08001bdb   Thumb Code    56  stm32f10x_rcc.o(.text)
    RCC_WaitForHSEStartUp                    0x08001c13   Thumb Code    56  stm32f10x_rcc.o(.text)
    RCC_AdjustHSICalibrationValue            0x08001c4b   Thumb Code    20  stm32f10x_rcc.o(.text)
    RCC_HSICmd                               0x08001c5f   Thumb Code     6  stm32f10x_rcc.o(.text)
    RCC_PLLConfig                            0x08001c65   Thumb Code    24  stm32f10x_rcc.o(.text)
    RCC_PLLCmd                               0x08001c7d   Thumb Code     6  stm32f10x_rcc.o(.text)
    RCC_SYSCLKConfig                         0x08001c83   Thumb Code    18  stm32f10x_rcc.o(.text)
    RCC_GetSYSCLKSource                      0x08001c95   Thumb Code    10  stm32f10x_rcc.o(.text)
    RCC_HCLKConfig                           0x08001c9f   Thumb Code    18  stm32f10x_rcc.o(.text)
    RCC_PCLK1Config                          0x08001cb1   Thumb Code    18  stm32f10x_rcc.o(.text)
    RCC_PCLK2Config                          0x08001cc3   Thumb Code    20  stm32f10x_rcc.o(.text)
    RCC_ITConfig                             0x08001cd7   Thumb Code    26  stm32f10x_rcc.o(.text)
    RCC_USBCLKConfig                         0x08001cf1   Thumb Code     8  stm32f10x_rcc.o(.text)
    RCC_ADCCLKConfig                         0x08001cf9   Thumb Code    18  stm32f10x_rcc.o(.text)
    RCC_LSEConfig                            0x08001d0b   Thumb Code    50  stm32f10x_rcc.o(.text)
    RCC_LSICmd                               0x08001d3d   Thumb Code     6  stm32f10x_rcc.o(.text)
    RCC_RTCCLKConfig                         0x08001d43   Thumb Code    12  stm32f10x_rcc.o(.text)
    RCC_RTCCLKCmd                            0x08001d4f   Thumb Code     8  stm32f10x_rcc.o(.text)
    RCC_GetClocksFreq                        0x08001d57   Thumb Code   192  stm32f10x_rcc.o(.text)
    RCC_AHBPeriphClockCmd                    0x08001e17   Thumb Code    26  stm32f10x_rcc.o(.text)
    RCC_APB2PeriphClockCmd                   0x08001e31   Thumb Code    26  stm32f10x_rcc.o(.text)
    RCC_APB1PeriphClockCmd                   0x08001e4b   Thumb Code    26  stm32f10x_rcc.o(.text)
    RCC_APB2PeriphResetCmd                   0x08001e65   Thumb Code    26  stm32f10x_rcc.o(.text)
    RCC_APB1PeriphResetCmd                   0x08001e7f   Thumb Code    26  stm32f10x_rcc.o(.text)
    RCC_BackupResetCmd                       0x08001e99   Thumb Code     8  stm32f10x_rcc.o(.text)
    RCC_ClockSecuritySystemCmd               0x08001ea1   Thumb Code     6  stm32f10x_rcc.o(.text)
    RCC_MCOConfig                            0x08001ea7   Thumb Code     6  stm32f10x_rcc.o(.text)
    RCC_ClearFlag                            0x08001ead   Thumb Code    14  stm32f10x_rcc.o(.text)
    RCC_GetITStatus                          0x08001ebb   Thumb Code    20  stm32f10x_rcc.o(.text)
    RCC_ClearITPendingBit                    0x08001ecf   Thumb Code     6  stm32f10x_rcc.o(.text)
    USART_DeInit                             0x08001ef9   Thumb Code   134  stm32f10x_usart.o(.text)
    USART_Init                               0x08001f7f   Thumb Code   210  stm32f10x_usart.o(.text)
    USART_StructInit                         0x08002051   Thumb Code    24  stm32f10x_usart.o(.text)
    USART_ClockInit                          0x08002069   Thumb Code    34  stm32f10x_usart.o(.text)
    USART_ClockStructInit                    0x0800208b   Thumb Code    12  stm32f10x_usart.o(.text)
    USART_Cmd                                0x08002097   Thumb Code    24  stm32f10x_usart.o(.text)
    USART_ITConfig                           0x080020af   Thumb Code    74  stm32f10x_usart.o(.text)
    USART_DMACmd                             0x080020f9   Thumb Code    18  stm32f10x_usart.o(.text)
    USART_SetAddress                         0x0800210b   Thumb Code    18  stm32f10x_usart.o(.text)
    USART_WakeUpConfig                       0x0800211d   Thumb Code    18  stm32f10x_usart.o(.text)
    USART_ReceiverWakeUpCmd                  0x0800212f   Thumb Code    24  stm32f10x_usart.o(.text)
    USART_LINBreakDetectLengthConfig         0x08002147   Thumb Code    18  stm32f10x_usart.o(.text)
    USART_LINCmd                             0x08002159   Thumb Code    24  stm32f10x_usart.o(.text)
    USART_SendData                           0x08002171   Thumb Code     8  stm32f10x_usart.o(.text)
    USART_ReceiveData                        0x08002179   Thumb Code    10  stm32f10x_usart.o(.text)
    USART_SendBreak                          0x08002183   Thumb Code    10  stm32f10x_usart.o(.text)
    USART_SetGuardTime                       0x0800218d   Thumb Code    16  stm32f10x_usart.o(.text)
    USART_SetPrescaler                       0x0800219d   Thumb Code    16  stm32f10x_usart.o(.text)
    USART_SmartCardCmd                       0x080021ad   Thumb Code    24  stm32f10x_usart.o(.text)
    USART_SmartCardNACKCmd                   0x080021c5   Thumb Code    24  stm32f10x_usart.o(.text)
    USART_HalfDuplexCmd                      0x080021dd   Thumb Code    24  stm32f10x_usart.o(.text)
    USART_OverSampling8Cmd                   0x080021f5   Thumb Code    22  stm32f10x_usart.o(.text)
    USART_OneBitMethodCmd                    0x0800220b   Thumb Code    24  stm32f10x_usart.o(.text)
    USART_IrDAConfig                         0x08002223   Thumb Code    18  stm32f10x_usart.o(.text)
    USART_IrDACmd                            0x08002235   Thumb Code    24  stm32f10x_usart.o(.text)
    USART_GetFlagStatus                      0x0800224d   Thumb Code    26  stm32f10x_usart.o(.text)
    USART_ClearFlag                          0x08002267   Thumb Code    18  stm32f10x_usart.o(.text)
    USART_GetITStatus                        0x08002279   Thumb Code    84  stm32f10x_usart.o(.text)
    USART_ClearITPendingBit                  0x080022cd   Thumb Code    52  stm32f10x_usart.o(.text)
    NVIC_PriorityGroupConfig                 0x08002301   Thumb Code    10  misc.o(.text)
    NVIC_Init                                0x0800230b   Thumb Code   100  misc.o(.text)
    NVIC_SetVectorTable                      0x0800236f   Thumb Code    14  misc.o(.text)
    NVIC_SystemLPConfig                      0x0800237d   Thumb Code    34  misc.o(.text)
    SysTick_CLKSourceConfig                  0x0800239f   Thumb Code    40  misc.o(.text)
    RTC_ITConfig                             0x080023dd   Thumb Code    26  stm32f10x_rtc.o(.text)
    RTC_EnterConfigMode                      0x080023f7   Thumb Code    18  stm32f10x_rtc.o(.text)
    RTC_ExitConfigMode                       0x08002409   Thumb Code    20  stm32f10x_rtc.o(.text)
    RTC_GetCounter                           0x0800241d   Thumb Code    18  stm32f10x_rtc.o(.text)
    RTC_SetCounter                           0x0800242f   Thumb Code    26  stm32f10x_rtc.o(.text)
    RTC_SetPrescaler                         0x08002449   Thumb Code    28  stm32f10x_rtc.o(.text)
    RTC_SetAlarm                             0x08002465   Thumb Code    26  stm32f10x_rtc.o(.text)
    RTC_GetDivider                           0x0800247f   Thumb Code    22  stm32f10x_rtc.o(.text)
    RTC_WaitForLastTask                      0x08002495   Thumb Code    18  stm32f10x_rtc.o(.text)
    RTC_WaitForSynchro                       0x080024a7   Thumb Code    36  stm32f10x_rtc.o(.text)
    RTC_GetFlagStatus                        0x080024cb   Thumb Code    22  stm32f10x_rtc.o(.text)
    RTC_ClearFlag                            0x080024e1   Thumb Code    16  stm32f10x_rtc.o(.text)
    RTC_GetITStatus                          0x080024f1   Thumb Code    32  stm32f10x_rtc.o(.text)
    RTC_ClearITPendingBit                    0x08002511   Thumb Code    16  stm32f10x_rtc.o(.text)
    BKP_DeInit                               0x08002525   Thumb Code    16  stm32f10x_bkp.o(.text)
    BKP_TamperPinLevelConfig                 0x08002535   Thumb Code     6  stm32f10x_bkp.o(.text)
    BKP_TamperPinCmd                         0x0800253b   Thumb Code     8  stm32f10x_bkp.o(.text)
    BKP_ITConfig                             0x08002543   Thumb Code     8  stm32f10x_bkp.o(.text)
    BKP_RTCOutputConfig                      0x0800254b   Thumb Code    22  stm32f10x_bkp.o(.text)
    BKP_SetRTCCalibrationValue               0x08002561   Thumb Code    22  stm32f10x_bkp.o(.text)
    BKP_WriteBackupRegister                  0x08002577   Thumb Code    24  stm32f10x_bkp.o(.text)
    BKP_ReadBackupRegister                   0x0800258f   Thumb Code    26  stm32f10x_bkp.o(.text)
    BKP_GetFlagStatus                        0x080025a9   Thumb Code    10  stm32f10x_bkp.o(.text)
    BKP_ClearFlag                            0x080025b3   Thumb Code    18  stm32f10x_bkp.o(.text)
    BKP_GetITStatus                          0x080025c5   Thumb Code    10  stm32f10x_bkp.o(.text)
    BKP_ClearITPendingBit                    0x080025cf   Thumb Code    18  stm32f10x_bkp.o(.text)
    TIM_DeInit                               0x080025e9   Thumb Code   424  stm32f10x_tim.o(.text)
    TIM_TimeBaseInit                         0x08002791   Thumb Code   122  stm32f10x_tim.o(.text)
    TIM_OC1Init                              0x0800280b   Thumb Code   132  stm32f10x_tim.o(.text)
    TIM_OC2Init                              0x0800288f   Thumb Code   154  stm32f10x_tim.o(.text)
    TIM_OC3Init                              0x08002929   Thumb Code   150  stm32f10x_tim.o(.text)
    TIM_OC4Init                              0x080029bf   Thumb Code   182  stm32f10x_tim.o(.text)
    TIM_SetIC4Prescaler                      0x08002a75   Thumb Code    26  stm32f10x_tim.o(.text)
    TIM_SetIC3Prescaler                      0x08002b11   Thumb Code    18  stm32f10x_tim.o(.text)
    TIM_SetIC2Prescaler                      0x08002b9d   Thumb Code    26  stm32f10x_tim.o(.text)
    TIM_SetIC1Prescaler                      0x08002c39   Thumb Code    18  stm32f10x_tim.o(.text)
    TIM_ICInit                               0x08002cb7   Thumb Code   150  stm32f10x_tim.o(.text)
    TIM_PWMIConfig                           0x08002d4d   Thumb Code   124  stm32f10x_tim.o(.text)
    TIM_BDTRConfig                           0x08002dc9   Thumb Code    32  stm32f10x_tim.o(.text)
    TIM_TimeBaseStructInit                   0x08002de9   Thumb Code    18  stm32f10x_tim.o(.text)
    TIM_OCStructInit                         0x08002dfb   Thumb Code    20  stm32f10x_tim.o(.text)
    TIM_ICStructInit                         0x08002e0f   Thumb Code    18  stm32f10x_tim.o(.text)
    TIM_BDTRStructInit                       0x08002e21   Thumb Code    40  stm32f10x_tim.o(.text)
    TIM_Cmd                                  0x08002e49   Thumb Code    24  stm32f10x_tim.o(.text)
    TIM_CtrlPWMOutputs                       0x08002e61   Thumb Code    30  stm32f10x_tim.o(.text)
    TIM_ITConfig                             0x08002e7f   Thumb Code    18  stm32f10x_tim.o(.text)
    TIM_GenerateEvent                        0x08002e91   Thumb Code     4  stm32f10x_tim.o(.text)
    TIM_DMAConfig                            0x08002e95   Thumb Code    10  stm32f10x_tim.o(.text)
    TIM_DMACmd                               0x08002e9f   Thumb Code    18  stm32f10x_tim.o(.text)
    TIM_InternalClockConfig                  0x08002eb1   Thumb Code    12  stm32f10x_tim.o(.text)
    TIM_SelectInputTrigger                   0x08002ebd   Thumb Code    18  stm32f10x_tim.o(.text)
    TIM_ITRxExternalClockConfig              0x08002ecf   Thumb Code    24  stm32f10x_tim.o(.text)
    TIM_TIxExternalClockConfig               0x08002ee7   Thumb Code    62  stm32f10x_tim.o(.text)
    TIM_ETRConfig                            0x08002f25   Thumb Code    28  stm32f10x_tim.o(.text)
    TIM_ETRClockMode1Config                  0x08002f41   Thumb Code    54  stm32f10x_tim.o(.text)
    TIM_ETRClockMode2Config                  0x08002f77   Thumb Code    32  stm32f10x_tim.o(.text)
    TIM_PrescalerConfig                      0x08002f97   Thumb Code     6  stm32f10x_tim.o(.text)
    TIM_CounterModeConfig                    0x08002f9d   Thumb Code    18  stm32f10x_tim.o(.text)
    TIM_EncoderInterfaceConfig               0x08002faf   Thumb Code    66  stm32f10x_tim.o(.text)
    TIM_ForcedOC1Config                      0x08002ff1   Thumb Code    18  stm32f10x_tim.o(.text)
    TIM_ForcedOC2Config                      0x08003003   Thumb Code    26  stm32f10x_tim.o(.text)
    TIM_ForcedOC3Config                      0x0800301d   Thumb Code    18  stm32f10x_tim.o(.text)
    TIM_ForcedOC4Config                      0x0800302f   Thumb Code    26  stm32f10x_tim.o(.text)
    TIM_ARRPreloadConfig                     0x08003049   Thumb Code    24  stm32f10x_tim.o(.text)
    TIM_SelectCOM                            0x08003061   Thumb Code    24  stm32f10x_tim.o(.text)
    TIM_SelectCCDMA                          0x08003079   Thumb Code    24  stm32f10x_tim.o(.text)
    TIM_CCPreloadControl                     0x08003091   Thumb Code    24  stm32f10x_tim.o(.text)
    TIM_OC1PreloadConfig                     0x080030a9   Thumb Code    18  stm32f10x_tim.o(.text)
    TIM_OC2PreloadConfig                     0x080030bb   Thumb Code    26  stm32f10x_tim.o(.text)
    TIM_OC3PreloadConfig                     0x080030d5   Thumb Code    18  stm32f10x_tim.o(.text)
    TIM_OC4PreloadConfig                     0x080030e7   Thumb Code    26  stm32f10x_tim.o(.text)
    TIM_OC1FastConfig                        0x08003101   Thumb Code    18  stm32f10x_tim.o(.text)
    TIM_OC2FastConfig                        0x08003113   Thumb Code    26  stm32f10x_tim.o(.text)
    TIM_OC3FastConfig                        0x0800312d   Thumb Code    18  stm32f10x_tim.o(.text)
    TIM_OC4FastConfig                        0x0800313f   Thumb Code    26  stm32f10x_tim.o(.text)
    TIM_ClearOC1Ref                          0x08003159   Thumb Code    18  stm32f10x_tim.o(.text)
    TIM_ClearOC2Ref                          0x0800316b   Thumb Code    24  stm32f10x_tim.o(.text)
    TIM_ClearOC3Ref                          0x08003183   Thumb Code    18  stm32f10x_tim.o(.text)
    TIM_ClearOC4Ref                          0x08003195   Thumb Code    24  stm32f10x_tim.o(.text)
    TIM_OC1PolarityConfig                    0x080031ad   Thumb Code    18  stm32f10x_tim.o(.text)
    TIM_OC1NPolarityConfig                   0x080031bf   Thumb Code    18  stm32f10x_tim.o(.text)
    TIM_OC2PolarityConfig                    0x080031d1   Thumb Code    26  stm32f10x_tim.o(.text)
    TIM_OC2NPolarityConfig                   0x080031eb   Thumb Code    26  stm32f10x_tim.o(.text)
    TIM_OC3PolarityConfig                    0x08003205   Thumb Code    26  stm32f10x_tim.o(.text)
    TIM_OC3NPolarityConfig                   0x0800321f   Thumb Code    26  stm32f10x_tim.o(.text)
    TIM_OC4PolarityConfig                    0x08003239   Thumb Code    26  stm32f10x_tim.o(.text)
    TIM_CCxCmd                               0x08003253   Thumb Code    30  stm32f10x_tim.o(.text)
    TIM_CCxNCmd                              0x08003271   Thumb Code    30  stm32f10x_tim.o(.text)
    TIM_SelectOCxM                           0x0800328f   Thumb Code    82  stm32f10x_tim.o(.text)
    TIM_UpdateDisableConfig                  0x080032e1   Thumb Code    24  stm32f10x_tim.o(.text)
    TIM_UpdateRequestConfig                  0x080032f9   Thumb Code    24  stm32f10x_tim.o(.text)
    TIM_SelectHallSensor                     0x08003311   Thumb Code    24  stm32f10x_tim.o(.text)
    TIM_SelectOnePulseMode                   0x08003329   Thumb Code    18  stm32f10x_tim.o(.text)
    TIM_SelectOutputTrigger                  0x0800333b   Thumb Code    18  stm32f10x_tim.o(.text)
    TIM_SelectSlaveMode                      0x0800334d   Thumb Code    18  stm32f10x_tim.o(.text)
    TIM_SelectMasterSlaveMode                0x0800335f   Thumb Code    18  stm32f10x_tim.o(.text)
    TIM_SetCounter                           0x08003371   Thumb Code     4  stm32f10x_tim.o(.text)
    TIM_SetAutoreload                        0x08003375   Thumb Code     4  stm32f10x_tim.o(.text)
    TIM_SetCompare1                          0x08003379   Thumb Code     4  stm32f10x_tim.o(.text)
    TIM_SetCompare2                          0x0800337d   Thumb Code     4  stm32f10x_tim.o(.text)
    TIM_SetCompare3                          0x08003381   Thumb Code     4  stm32f10x_tim.o(.text)
    TIM_SetCompare4                          0x08003385   Thumb Code     6  stm32f10x_tim.o(.text)
    TIM_SetClockDivision                     0x0800338b   Thumb Code    18  stm32f10x_tim.o(.text)
    TIM_GetCapture1                          0x0800339d   Thumb Code     6  stm32f10x_tim.o(.text)
    TIM_GetCapture2                          0x080033a3   Thumb Code     6  stm32f10x_tim.o(.text)
    TIM_GetCapture3                          0x080033a9   Thumb Code     6  stm32f10x_tim.o(.text)
    TIM_GetCapture4                          0x080033af   Thumb Code     8  stm32f10x_tim.o(.text)
    TIM_GetCounter                           0x080033b7   Thumb Code     6  stm32f10x_tim.o(.text)
    TIM_GetPrescaler                         0x080033bd   Thumb Code     6  stm32f10x_tim.o(.text)
    TIM_GetFlagStatus                        0x080033c3   Thumb Code    18  stm32f10x_tim.o(.text)
    TIM_ClearFlag                            0x080033d5   Thumb Code     6  stm32f10x_tim.o(.text)
    TIM_GetITStatus                          0x080033db   Thumb Code    34  stm32f10x_tim.o(.text)
    TIM_ClearITPendingBit                    0x080033fd   Thumb Code     6  stm32f10x_tim.o(.text)
    PWR_DeInit                               0x08003405   Thumb Code    22  stm32f10x_pwr.o(.text)
    PWR_BackupAccessCmd                      0x0800341b   Thumb Code     6  stm32f10x_pwr.o(.text)
    PWR_PVDCmd                               0x08003421   Thumb Code     6  stm32f10x_pwr.o(.text)
    PWR_PVDLevelConfig                       0x08003427   Thumb Code    18  stm32f10x_pwr.o(.text)
    PWR_WakeUpPinCmd                         0x08003439   Thumb Code     8  stm32f10x_pwr.o(.text)
    PWR_EnterSTOPMode                        0x08003441   Thumb Code    54  stm32f10x_pwr.o(.text)
    PWR_EnterSTANDBYMode                     0x08003477   Thumb Code    42  stm32f10x_pwr.o(.text)
    PWR_GetFlagStatus                        0x080034a1   Thumb Code    20  stm32f10x_pwr.o(.text)
    PWR_ClearFlag                            0x080034b5   Thumb Code    14  stm32f10x_pwr.o(.text)
    usmart_sys_cmd_exe                       0x080034d1   Thumb Code  1554  usmart.o(.text)
    usmart_reset_runtime                     0x08003ae3   Thumb Code    38  usmart.o(.text)
    usmart_get_runtime                       0x08003b09   Thumb Code    56  usmart.o(.text)
    TIM4_IRQHandler                          0x08003b41   Thumb Code    50  usmart.o(.text)
    Timer4_Init                              0x08003b73   Thumb Code    94  usmart.o(.text)
    usmart_init                              0x08003bd1   Thumb Code    36  usmart.o(.text)
    usmart_cmd_rec                           0x08003bf5   Thumb Code   170  usmart.o(.text)
    usmart_exe                               0x08003c9f   Thumb Code   872  usmart.o(.text)
    usmart_scan                              0x08004007   Thumb Code   120  usmart.o(.text)
    read_addr                                0x0800407f   Thumb Code     6  usmart.o(.text)
    write_addr                               0x08004085   Thumb Code     4  usmart.o(.text)
    usmart_strcmp                            0x08004111   Thumb Code    34  usmart_str.o(.text)
    usmart_strcopy                           0x08004133   Thumb Code    22  usmart_str.o(.text)
    usmart_strlen                            0x08004149   Thumb Code    24  usmart_str.o(.text)
    usmart_pow                               0x08004161   Thumb Code    22  usmart_str.o(.text)
    usmart_str2num                           0x08004177   Thumb Code   202  usmart_str.o(.text)
    usmart_get_cmdname                       0x08004241   Thumb Code    54  usmart_str.o(.text)
    usmart_search_nextc                      0x08004277   Thumb Code    22  usmart_str.o(.text)
    usmart_get_fname                         0x0800428d   Thumb Code   440  usmart_str.o(.text)
    usmart_get_aparm                         0x08004445   Thumb Code   200  usmart_str.o(.text)
    usmart_get_parmpos                       0x0800450d   Thumb Code    26  usmart_str.o(.text)
    usmart_get_fparam                        0x08004527   Thumb Code   262  usmart_str.o(.text)
    __use_no_semihosting                     0x08004639   Thumb Code     2  use_no_semi_2.o(.text)
    __2printf                                0x0800463d   Thumb Code    20  noretval__2printf.o(.text)
    _printf_pre_padding                      0x08004655   Thumb Code    44  _printf_pad.o(.text)
    _printf_post_padding                     0x08004681   Thumb Code    34  _printf_pad.o(.text)
    _printf_str                              0x080046a3   Thumb Code    82  _printf_str.o(.text)
    _printf_int_dec                          0x080046f5   Thumb Code   104  _printf_dec.o(.text)
    _printf_int_hex                          0x0800476d   Thumb Code    84  _printf_hex_int.o(.text)
    _printf_longlong_hex                     0x0800476d   Thumb Code     0  _printf_hex_int.o(.text)
    __printf                                 0x080047c5   Thumb Code   388  __printf_flags_ss_wp.o(.text)
    __use_two_region_memory                  0x0800494d   Thumb Code     2  heapauxi.o(.text)
    __rt_heap_escrow$2region                 0x0800494f   Thumb Code     2  heapauxi.o(.text)
    __rt_heap_expand$2region                 0x08004951   Thumb Code     2  heapauxi.o(.text)
    __I$use$semihosting                      0x08004953   Thumb Code     0  use_no_semi.o(.text)
    __use_no_semihosting_swi                 0x08004953   Thumb Code     2  use_no_semi.o(.text)
    _printf_int_common                       0x08004955   Thumb Code   178  _printf_intcommon.o(.text)
    __lib_sel_fp_printf                      0x08004a07   Thumb Code     2  _printf_fp_dec.o(.text)
    _printf_fp_dec_real                      0x08004bb5   Thumb Code   620  _printf_fp_dec.o(.text)
    _printf_cs_common                        0x08004e21   Thumb Code    20  _printf_char.o(.text)
    _printf_char                             0x08004e35   Thumb Code    16  _printf_char.o(.text)
    _printf_string                           0x08004e45   Thumb Code     8  _printf_char.o(.text)
    _printf_char_file                        0x08004e4d   Thumb Code    32  _printf_char_file.o(.text)
    __rt_locale                              0x08004e71   Thumb Code     8  rt_locale_intlibspace.o(.text)
    _ll_udiv10                               0x08004e79   Thumb Code   138  lludiv10.o(.text)
    _printf_char_common                      0x08004f0f   Thumb Code    32  _printf_char_common.o(.text)
    _printf_fp_infnan                        0x08004f35   Thumb Code   112  _printf_fp_infnan.o(.text)
    _btod_etento                             0x08004fb5   Thumb Code   216  bigflt0.o(.text)
    ferror                                   0x08005091   Thumb Code     8  ferror.o(.text)
    __user_libspace                          0x08005099   Thumb Code     8  libspace.o(.text)
    __user_perproc_libspace                  0x08005099   Thumb Code     0  libspace.o(.text)
    __user_perthread_libspace                0x08005099   Thumb Code     0  libspace.o(.text)
    __user_setup_stackheap                   0x080050a1   Thumb Code    74  sys_stackheap_outer.o(.text)
    exit                                     0x080050eb   Thumb Code    18  exit.o(.text)
    strcmp                                   0x080050fd   Thumb Code   128  strcmpv7m.o(.text)
    _btod_d2e                                0x0800517d   Thumb Code    62  btod.o(CL$$btod_d2e)
    _d2e_denorm_low                          0x080051bb   Thumb Code    70  btod.o(CL$$btod_d2e_denorm_low)
    _d2e_norm_op1                            0x08005201   Thumb Code    96  btod.o(CL$$btod_d2e_norm_op1)
    __btod_div_common                        0x08005261   Thumb Code   696  btod.o(CL$$btod_div_common)
    _e2e                                     0x08005599   Thumb Code   198  btod.o(CL$$btod_e2e)
    _btod_ediv                               0x0800565f   Thumb Code    40  btod.o(CL$$btod_ediv)
    _btod_emul                               0x08005687   Thumb Code    40  btod.o(CL$$btod_emul)
    __btod_mult_common                       0x080056af   Thumb Code   580  btod.o(CL$$btod_mult_common)
    __ARM_fpclassify                         0x080058f3   Thumb Code    40  fpclassify.o(i.__ARM_fpclassify)
    _is_digit                                0x0800591b   Thumb Code    14  __printf_wp.o(i._is_digit)
    _get_lc_numeric                          0x08005929   Thumb Code    44  lc_numeric_c.o(locale$$code)
    __fpl_dretinf                            0x08005955   Thumb Code    12  dretinf.o(x$fpl$dretinf)
    __aeabi_f2d                              0x08005961   Thumb Code     0  f2d.o(x$fpl$f2d)
    _f2d                                     0x08005961   Thumb Code    86  f2d.o(x$fpl$f2d)
    __aeabi_fadd                             0x080059b9   Thumb Code     0  faddsub_clz.o(x$fpl$fadd)
    _fadd                                    0x080059b9   Thumb Code   196  faddsub_clz.o(x$fpl$fadd)
    __aeabi_fdiv                             0x08005a7d   Thumb Code     0  fdiv.o(x$fpl$fdiv)
    _fdiv                                    0x08005a7d   Thumb Code   384  fdiv.o(x$fpl$fdiv)
    __aeabi_f2uiz                            0x08005c01   Thumb Code     0  ffixu.o(x$fpl$ffixu)
    _ffixu                                   0x08005c01   Thumb Code    62  ffixu.o(x$fpl$ffixu)
    __aeabi_ui2f                             0x08005c41   Thumb Code     0  fflt_clz.o(x$fpl$ffltu)
    _ffltu                                   0x08005c41   Thumb Code    38  fflt_clz.o(x$fpl$ffltu)
    __aeabi_fmul                             0x08005c69   Thumb Code     0  fmul.o(x$fpl$fmul)
    _fmul                                    0x08005c69   Thumb Code   258  fmul.o(x$fpl$fmul)
    __fpl_fnaninf                            0x08005d6b   Thumb Code   140  fnaninf.o(x$fpl$fnaninf)
    __fpl_fretinf                            0x08005df7   Thumb Code    10  fretinf.o(x$fpl$fretinf)
    __aeabi_frsub                            0x08005e01   Thumb Code     0  faddsub_clz.o(x$fpl$frsb)
    _frsb                                    0x08005e01   Thumb Code    20  faddsub_clz.o(x$fpl$frsb)
    __aeabi_fsub                             0x08005e15   Thumb Code     0  faddsub_clz.o(x$fpl$fsub)
    _fsub                                    0x08005e15   Thumb Code   234  faddsub_clz.o(x$fpl$fsub)
    _printf_fp_dec                           0x08005eff   Thumb Code     4  printf1.o(x$fpl$printf1)
    __I$use$fp                               0x08005f02   Number         0  usenofp.o(x$fpl$usenofp)
    asc2_1206                                0x08005f02   Data        1140  oled.o(.constdata)
    asc2_1608                                0x08006376   Data        1520  oled.o(.constdata)
    asc2_2412                                0x08006966   Data        3420  oled.o(.constdata)
    table_week                               0x080076c2   Data          12  rtc.o(.constdata)
    mon_table                                0x080076ce   Data          12  rtc.o(.constdata)
    Region$$Table$$Base                      0x0800787c   Number         0  anon$$obj.o(Region$$Table)
    Region$$Table$$Limit                     0x0800789c   Number         0  anon$$obj.o(Region$$Table)
    adcx                                     0x20000000   Data           2  main.o(.data)
    SystemCoreClock                          0x20000004   Data           4  system_stm32f10x.o(.data)
    AHBPrescTable                            0x20000008   Data          16  system_stm32f10x.o(.data)
    Tem_Value                                0x20000018   Data           4  temandhum.o(.data)
    RH_Value                                 0x2000001c   Data           4  temandhum.o(.data)
    buffer                                   0x20000020   Data           6  temandhum.o(.data)
    __stdout                                 0x2000002c   Data           4  usart.o(.data)
    USART_RX_STA                             0x20000030   Data           2  usart.o(.data)
    sys_cmd_tab                              0x20000048   Data          28  usmart.o(.data)
    usmart_nametab                           0x20000064   Data          40  usmart_config.o(.data)
    usmart_dev                               0x2000008c   Data         244  usmart_config.o(.data)
    OLED_GRAM                                0x20000180   Data        1024  oled.o(.bss)
    calendar                                 0x20000580   Data          10  rtc.o(.bss)
    USART_RX_BUF                             0x2000058a   Data         200  usart.o(.bss)
    __libspace_start                         0x20000654   Data          96  libspace.o(.bss)
    __temporary_stack_top$libspace           0x200006b4   Data           0  libspace.o(.bss)



==============================================================================

Memory Map of the image

  Image Entry point : 0x080000ed

  Load Region LR_IROM1 (Base: 0x08000000, Size: 0x00007a38, Max: 0x00010000, ABSOLUTE, COMPRESSED[0x00007920])

    Execution Region ER_IROM1 (Base: 0x08000000, Size: 0x000078b8, Max: 0x00010000, ABSOLUTE)

    Base Addr    Size         Type   Attr      Idx    E Section Name        Object

    0x08000000   0x000000ec   Data   RO          354    RESET               startup_stm32f10x_md.o
    0x080000ec   0x00000008   Code   RO          564  * !!!main             c_w.l(__main.o)
    0x080000f4   0x00000034   Code   RO          814    !!!scatter          c_w.l(__scatter.o)
    0x08000128   0x0000005a   Code   RO          812    !!dczerorl2         c_w.l(__dczerorl2.o)
    0x08000182   0x00000002   PAD
    0x08000184   0x0000001c   Code   RO          816    !!handler_zi        c_w.l(__scatter_zi.o)
    0x080001a0   0x00000000   Code   RO          561    .ARM.Collect$$_printf_percent$$00000000  c_w.l(_printf_percent.o)
    0x080001a0   0x00000006   Code   RO          560    .ARM.Collect$$_printf_percent$$00000003  c_w.l(_printf_f.o)
    0x080001a6   0x00000006   Code   RO          558    .ARM.Collect$$_printf_percent$$00000009  c_w.l(_printf_d.o)
    0x080001ac   0x00000006   Code   RO          559    .ARM.Collect$$_printf_percent$$0000000A  c_w.l(_printf_u.o)
    0x080001b2   0x00000006   Code   RO          557    .ARM.Collect$$_printf_percent$$0000000C  c_w.l(_printf_x.o)
    0x080001b8   0x00000006   Code   RO          555    .ARM.Collect$$_printf_percent$$00000013  c_w.l(_printf_c.o)
    0x080001be   0x00000006   Code   RO          556    .ARM.Collect$$_printf_percent$$00000014  c_w.l(_printf_s.o)
    0x080001c4   0x00000004   Code   RO          603    .ARM.Collect$$_printf_percent$$00000017  c_w.l(_printf_percent_end.o)
    0x080001c8   0x00000002   Code   RO          689    .ARM.Collect$$libinit$$00000000  c_w.l(libinit.o)
    0x080001ca   0x00000000   Code   RO          691    .ARM.Collect$$libinit$$00000002  c_w.l(libinit2.o)
    0x080001ca   0x00000000   Code   RO          693    .ARM.Collect$$libinit$$00000004  c_w.l(libinit2.o)
    0x080001ca   0x00000000   Code   RO          696    .ARM.Collect$$libinit$$0000000A  c_w.l(libinit2.o)
    0x080001ca   0x00000000   Code   RO          698    .ARM.Collect$$libinit$$0000000C  c_w.l(libinit2.o)
    0x080001ca   0x00000000   Code   RO          700    .ARM.Collect$$libinit$$0000000E  c_w.l(libinit2.o)
    0x080001ca   0x00000006   Code   RO          701    .ARM.Collect$$libinit$$0000000F  c_w.l(libinit2.o)
    0x080001d0   0x00000000   Code   RO          703    .ARM.Collect$$libinit$$00000011  c_w.l(libinit2.o)
    0x080001d0   0x00000000   Code   RO          705    .ARM.Collect$$libinit$$00000013  c_w.l(libinit2.o)
    0x080001d0   0x00000000   Code   RO          707    .ARM.Collect$$libinit$$00000015  c_w.l(libinit2.o)
    0x080001d0   0x0000000a   Code   RO          708    .ARM.Collect$$libinit$$00000016  c_w.l(libinit2.o)
    0x080001da   0x00000000   Code   RO          709    .ARM.Collect$$libinit$$00000017  c_w.l(libinit2.o)
    0x080001da   0x00000000   Code   RO          711    .ARM.Collect$$libinit$$00000019  c_w.l(libinit2.o)
    0x080001da   0x00000000   Code   RO          713    .ARM.Collect$$libinit$$0000001B  c_w.l(libinit2.o)
    0x080001da   0x00000000   Code   RO          715    .ARM.Collect$$libinit$$0000001D  c_w.l(libinit2.o)
    0x080001da   0x00000000   Code   RO          717    .ARM.Collect$$libinit$$0000001F  c_w.l(libinit2.o)
    0x080001da   0x00000000   Code   RO          719    .ARM.Collect$$libinit$$00000021  c_w.l(libinit2.o)
    0x080001da   0x00000000   Code   RO          721    .ARM.Collect$$libinit$$00000023  c_w.l(libinit2.o)
    0x080001da   0x00000000   Code   RO          723    .ARM.Collect$$libinit$$00000025  c_w.l(libinit2.o)
    0x080001da   0x00000000   Code   RO          727    .ARM.Collect$$libinit$$0000002C  c_w.l(libinit2.o)
    0x080001da   0x00000000   Code   RO          729    .ARM.Collect$$libinit$$0000002E  c_w.l(libinit2.o)
    0x080001da   0x00000000   Code   RO          731    .ARM.Collect$$libinit$$00000030  c_w.l(libinit2.o)
    0x080001da   0x00000000   Code   RO          733    .ARM.Collect$$libinit$$00000032  c_w.l(libinit2.o)
    0x080001da   0x00000002   Code   RO          734    .ARM.Collect$$libinit$$00000033  c_w.l(libinit2.o)
    0x080001dc   0x00000002   Code   RO          762    .ARM.Collect$$libshutdown$$00000000  c_w.l(libshutdown.o)
    0x080001de   0x00000000   Code   RO          771    .ARM.Collect$$libshutdown$$00000002  c_w.l(libshutdown2.o)
    0x080001de   0x00000000   Code   RO          773    .ARM.Collect$$libshutdown$$00000004  c_w.l(libshutdown2.o)
    0x080001de   0x00000000   Code   RO          776    .ARM.Collect$$libshutdown$$00000007  c_w.l(libshutdown2.o)
    0x080001de   0x00000000   Code   RO          779    .ARM.Collect$$libshutdown$$0000000A  c_w.l(libshutdown2.o)
    0x080001de   0x00000000   Code   RO          781    .ARM.Collect$$libshutdown$$0000000C  c_w.l(libshutdown2.o)
    0x080001de   0x00000000   Code   RO          784    .ARM.Collect$$libshutdown$$0000000F  c_w.l(libshutdown2.o)
    0x080001de   0x00000002   Code   RO          785    .ARM.Collect$$libshutdown$$00000010  c_w.l(libshutdown2.o)
    0x080001e0   0x00000000   Code   RO          594    .ARM.Collect$$rtentry$$00000000  c_w.l(__rtentry.o)
    0x080001e0   0x00000000   Code   RO          612    .ARM.Collect$$rtentry$$00000002  c_w.l(__rtentry2.o)
    0x080001e0   0x00000006   Code   RO          624    .ARM.Collect$$rtentry$$00000004  c_w.l(__rtentry4.o)
    0x080001e6   0x00000000   Code   RO          614    .ARM.Collect$$rtentry$$00000009  c_w.l(__rtentry2.o)
    0x080001e6   0x00000004   Code   RO          615    .ARM.Collect$$rtentry$$0000000A  c_w.l(__rtentry2.o)
    0x080001ea   0x00000000   Code   RO          617    .ARM.Collect$$rtentry$$0000000C  c_w.l(__rtentry2.o)
    0x080001ea   0x00000008   Code   RO          618    .ARM.Collect$$rtentry$$0000000D  c_w.l(__rtentry2.o)
    0x080001f2   0x00000002   Code   RO          735    .ARM.Collect$$rtexit$$00000000  c_w.l(rtexit.o)
    0x080001f4   0x00000000   Code   RO          742    .ARM.Collect$$rtexit$$00000002  c_w.l(rtexit2.o)
    0x080001f4   0x00000004   Code   RO          743    .ARM.Collect$$rtexit$$00000003  c_w.l(rtexit2.o)
    0x080001f8   0x00000006   Code   RO          744    .ARM.Collect$$rtexit$$00000004  c_w.l(rtexit2.o)
    0x080001fe   0x00000002   PAD
    0x08000200   0x0000039c   Code   RO            1    .text               main.o
    0x0800059c   0x0000001a   Code   RO          142    .text               stm32f10x_it.o
    0x080005b6   0x00000002   PAD
    0x080005b8   0x000001e0   Code   RO          183    .text               system_stm32f10x.o
    0x08000798   0x0000052c   Code   RO          213    .text               oled.o
    0x08000cc4   0x00000290   Code   RO          235    .text               myiic.o
    0x08000f54   0x000002d4   Code   RO          250    .text               temandhum.o
    0x08001228   0x0000037c   Code   RO          268    .text               rtc.o
    0x080015a4   0x000000d4   Code   RO          288    .text               delay.o
    0x08001678   0x00000140   Code   RO          319    .text               usart.o
    0x080017b8   0x00000040   Code   RO          355    .text               startup_stm32f10x_md.o
    0x080017f8   0x0000035c   Code   RO          359    .text               stm32f10x_gpio.o
    0x08001b54   0x000003a4   Code   RO          371    .text               stm32f10x_rcc.o
    0x08001ef8   0x00000408   Code   RO          385    .text               stm32f10x_usart.o
    0x08002300   0x000000dc   Code   RO          397    .text               misc.o
    0x080023dc   0x00000148   Code   RO          409    .text               stm32f10x_rtc.o
    0x08002524   0x000000c4   Code   RO          421    .text               stm32f10x_bkp.o
    0x080025e8   0x00000e1a   Code   RO          433    .text               stm32f10x_tim.o
    0x08003402   0x00000002   PAD
    0x08003404   0x000000cc   Code   RO          445    .text               stm32f10x_pwr.o
    0x080034d0   0x00000c40   Code   RO          457    .text               usmart.o
    0x08004110   0x00000528   Code   RO          486    .text               usmart_str.o
    0x08004638   0x00000002   Code   RO          500    .text               c_w.l(use_no_semi_2.o)
    0x0800463a   0x00000002   PAD
    0x0800463c   0x00000018   Code   RO          504    .text               c_w.l(noretval__2printf.o)
    0x08004654   0x0000004e   Code   RO          508    .text               c_w.l(_printf_pad.o)
    0x080046a2   0x00000052   Code   RO          510    .text               c_w.l(_printf_str.o)
    0x080046f4   0x00000078   Code   RO          512    .text               c_w.l(_printf_dec.o)
    0x0800476c   0x00000058   Code   RO          517    .text               c_w.l(_printf_hex_int.o)
    0x080047c4   0x00000188   Code   RO          552    .text               c_w.l(__printf_flags_ss_wp.o)
    0x0800494c   0x00000006   Code   RO          562    .text               c_w.l(heapauxi.o)
    0x08004952   0x00000002   Code   RO          592    .text               c_w.l(use_no_semi.o)
    0x08004954   0x000000b2   Code   RO          595    .text               c_w.l(_printf_intcommon.o)
    0x08004a06   0x0000041a   Code   RO          597    .text               c_w.l(_printf_fp_dec.o)
    0x08004e20   0x0000002c   Code   RO          599    .text               c_w.l(_printf_char.o)
    0x08004e4c   0x00000024   Code   RO          601    .text               c_w.l(_printf_char_file.o)
    0x08004e70   0x00000008   Code   RO          629    .text               c_w.l(rt_locale_intlibspace.o)
    0x08004e78   0x0000008a   Code   RO          631    .text               c_w.l(lludiv10.o)
    0x08004f02   0x00000002   PAD
    0x08004f04   0x00000030   Code   RO          633    .text               c_w.l(_printf_char_common.o)
    0x08004f34   0x00000080   Code   RO          635    .text               c_w.l(_printf_fp_infnan.o)
    0x08004fb4   0x000000dc   Code   RO          637    .text               c_w.l(bigflt0.o)
    0x08005090   0x00000008   Code   RO          662    .text               c_w.l(ferror.o)
    0x08005098   0x00000008   Code   RO          673    .text               c_w.l(libspace.o)
    0x080050a0   0x0000004a   Code   RO          676    .text               c_w.l(sys_stackheap_outer.o)
    0x080050ea   0x00000012   Code   RO          680    .text               c_w.l(exit.o)
    0x080050fc   0x00000080   Code   RO          682    .text               c_w.l(strcmpv7m.o)
    0x0800517c   0x0000003e   Code   RO          640    CL$$btod_d2e        c_w.l(btod.o)
    0x080051ba   0x00000046   Code   RO          642    CL$$btod_d2e_denorm_low  c_w.l(btod.o)
    0x08005200   0x00000060   Code   RO          641    CL$$btod_d2e_norm_op1  c_w.l(btod.o)
    0x08005260   0x00000338   Code   RO          650    CL$$btod_div_common  c_w.l(btod.o)
    0x08005598   0x000000c6   Code   RO          647    CL$$btod_e2e        c_w.l(btod.o)
    0x0800565e   0x00000028   Code   RO          644    CL$$btod_ediv       c_w.l(btod.o)
    0x08005686   0x00000028   Code   RO          643    CL$$btod_emul       c_w.l(btod.o)
    0x080056ae   0x00000244   Code   RO          649    CL$$btod_mult_common  c_w.l(btod.o)
    0x080058f2   0x00000028   Code   RO          671    i.__ARM_fpclassify  m_ws.l(fpclassify.o)
    0x0800591a   0x0000000e   Code   RO          545    i._is_digit         c_w.l(__printf_wp.o)
    0x08005928   0x0000002c   Code   RO          667    locale$$code        c_w.l(lc_numeric_c.o)
    0x08005954   0x0000000c   Code   RO          604    x$fpl$dretinf       fz_ws.l(dretinf.o)
    0x08005960   0x00000056   Code   RO          566    x$fpl$f2d           fz_ws.l(f2d.o)
    0x080059b6   0x00000002   PAD
    0x080059b8   0x000000c4   Code   RO          568    x$fpl$fadd          fz_ws.l(faddsub_clz.o)
    0x08005a7c   0x00000184   Code   RO          575    x$fpl$fdiv          fz_ws.l(fdiv.o)
    0x08005c00   0x0000003e   Code   RO          578    x$fpl$ffixu         fz_ws.l(ffixu.o)
    0x08005c3e   0x00000002   PAD
    0x08005c40   0x00000026   Code   RO          582    x$fpl$ffltu         fz_ws.l(fflt_clz.o)
    0x08005c66   0x00000002   PAD
    0x08005c68   0x00000102   Code   RO          588    x$fpl$fmul          fz_ws.l(fmul.o)
    0x08005d6a   0x0000008c   Code   RO          606    x$fpl$fnaninf       fz_ws.l(fnaninf.o)
    0x08005df6   0x0000000a   Code   RO          608    x$fpl$fretinf       fz_ws.l(fretinf.o)
    0x08005e00   0x00000014   Code   RO          569    x$fpl$frsb          fz_ws.l(faddsub_clz.o)
    0x08005e14   0x000000ea   Code   RO          570    x$fpl$fsub          fz_ws.l(faddsub_clz.o)
    0x08005efe   0x00000004   Code   RO          590    x$fpl$printf1       fz_ws.l(printf1.o)
    0x08005f02   0x00000000   Code   RO          610    x$fpl$usenofp       fz_ws.l(usenofp.o)
    0x08005f02   0x000017c0   Data   RO          215    .constdata          oled.o
    0x080076c2   0x00000018   Data   RO          270    .constdata          rtc.o
    0x080076da   0x00000028   Data   RO          518    .constdata          c_w.l(_printf_hex_int.o)
    0x08007702   0x00000011   Data   RO          553    .constdata          c_w.l(__printf_flags_ss_wp.o)
    0x08007713   0x00000001   PAD
    0x08007714   0x00000094   Data   RO          638    .constdata          c_w.l(bigflt0.o)
    0x080077a8   0x00000028   Data   RO          458    .conststring        usmart.o
    0x080077d0   0x000000ab   Data   RO          473    .conststring        usmart_config.o
    0x0800787b   0x00000001   PAD
    0x0800787c   0x00000020   Data   RO          810    Region$$Table       anon$$obj.o
    0x0800789c   0x0000001c   Data   RO          666    locale$$data        c_w.l(lc_numeric_c.o)


    Execution Region RW_IRAM1 (Base: 0x20000000, Size: 0x00000cb8, Max: 0x00005000, ABSOLUTE, COMPRESSED[0x00000068])

    Base Addr    Size         Type   Attr      Idx    E Section Name        Object

    0x20000000   0x00000002   Data   RW            2    .data               main.o
    0x20000002   0x00000002   PAD
    0x20000004   0x00000014   Data   RW          184    .data               system_stm32f10x.o
    0x20000018   0x0000000e   Data   RW          251    .data               temandhum.o
    0x20000026   0x00000002   Data   RW          271    .data               rtc.o
    0x20000028   0x00000004   Data   RW          289    .data               delay.o
    0x2000002c   0x00000006   Data   RW          321    .data               usart.o
    0x20000032   0x00000014   Data   RW          372    .data               stm32f10x_rcc.o
    0x20000046   0x00000002   PAD
    0x20000048   0x0000001c   Data   RW          459    .data               usmart.o
    0x20000064   0x0000011c   Data   RW          474    .data               usmart_config.o
    0x20000180   0x00000400   Zero   RW          214    .bss                oled.o
    0x20000580   0x0000000a   Zero   RW          269    .bss                rtc.o
    0x2000058a   0x000000c8   Zero   RW          320    .bss                usart.o
    0x20000652   0x00000002   PAD
    0x20000654   0x00000060   Zero   RW          674    .bss                c_w.l(libspace.o)
    0x200006b4   0x00000004   PAD
    0x200006b8   0x00000200   Zero   RW          353    HEAP                startup_stm32f10x_md.o
    0x200008b8   0x00000400   Zero   RW          352    STACK               startup_stm32f10x_md.o


==============================================================================

Image component sizes


      Code (inc. data)   RO Data    RW Data    ZI Data      Debug   Object Name

       212         18          0          4          0       1019   delay.o
       924        204          0          2          0     252328   main.o
       220         22          0          0          0       1777   misc.o
       656         14          0          0          0       1872   myiic.o
      1324         52       6080          0       1024       5325   oled.o
       892         28         24          2         10       3664   rtc.o
        64         26        236          0       1536        788   startup_stm32f10x_md.o
       196          8          0          0          0       3472   stm32f10x_bkp.o
       860         38          0          0          0       5709   stm32f10x_gpio.o
        26          0          0          0          0       1166   stm32f10x_it.o
       204         14          0          0          0       1943   stm32f10x_pwr.o
       932         36          0         20          0       8872   stm32f10x_rcc.o
       328          4          0          0          0       2710   stm32f10x_rtc.o
      3610         88          0          0          0      22816   stm32f10x_tim.o
      1032         22          0          0          0       8432   stm32f10x_usart.o
         0          0          0          0          0         32   sys.o
       480         38          0         20          0       1703   system_stm32f10x.o
       724         42          0         14          0       3775   temandhum.o
       320         16          0          6        200       3134   usart.o
      3136       1288         40         28          0       4294   usmart.o
         0          0        171        284          0       1564   usmart_config.o
      1320         12          0          0          0       5201   usmart_str.o

    ----------------------------------------------------------------------
     17464       1970       6584        384       2772     341596   Object Totals
         0          0         32          0          0          0   (incl. Generated)
         4          0          1          4          2          0   (incl. Padding)

    ----------------------------------------------------------------------

      Code (inc. data)   RO Data    RW Data    ZI Data      Debug   Library Member Name

        90          0          0          0          0          0   __dczerorl2.o
         8          0          0          0          0         68   __main.o
       392          4         17          0          0         92   __printf_flags_ss_wp.o
        14          0          0          0          0         68   __printf_wp.o
         0          0          0          0          0          0   __rtentry.o
        12          0          0          0          0          0   __rtentry2.o
         6          0          0          0          0          0   __rtentry4.o
        52          8          0          0          0          0   __scatter.o
        28          0          0          0          0          0   __scatter_zi.o
         6          0          0          0          0          0   _printf_c.o
        44          0          0          0          0        108   _printf_char.o
        48          6          0          0          0         96   _printf_char_common.o
        36          4          0          0          0         80   _printf_char_file.o
         6          0          0          0          0          0   _printf_d.o
       120         16          0          0          0         92   _printf_dec.o
         6          0          0          0          0          0   _printf_f.o
      1050          0          0          0          0        216   _printf_fp_dec.o
       128         16          0          0          0         84   _printf_fp_infnan.o
        88          4         40          0          0         88   _printf_hex_int.o
       178          0          0          0          0         88   _printf_intcommon.o
        78          0          0          0          0        108   _printf_pad.o
         0          0          0          0          0          0   _printf_percent.o
         4          0          0          0          0          0   _printf_percent_end.o
         6          0          0          0          0          0   _printf_s.o
        82          0          0          0          0         80   _printf_str.o
         6          0          0          0          0          0   _printf_u.o
         6          0          0          0          0          0   _printf_x.o
       220          4        148          0          0         96   bigflt0.o
      1910        128          0          0          0        672   btod.o
        18          0          0          0          0         80   exit.o
         8          0          0          0          0         68   ferror.o
         6          0          0          0          0        152   heapauxi.o
        44         10         28          0          0         76   lc_numeric_c.o
         2          0          0          0          0          0   libinit.o
        18          0          0          0          0          0   libinit2.o
         2          0          0          0          0          0   libshutdown.o
         2          0          0          0          0          0   libshutdown2.o
         8          4          0          0         96         68   libspace.o
       138          0          0          0          0         80   lludiv10.o
        24          4          0          0          0         84   noretval__2printf.o
         8          4          0          0          0         68   rt_locale_intlibspace.o
         2          0          0          0          0          0   rtexit.o
        10          0          0          0          0          0   rtexit2.o
       128          0          0          0          0         68   strcmpv7m.o
        74          0          0          0          0         80   sys_stackheap_outer.o
         2          0          0          0          0         68   use_no_semi.o
         2          0          0          0          0         68   use_no_semi_2.o
        12          0          0          0          0         68   dretinf.o
        86          4          0          0          0         84   f2d.o
       450          8          0          0          0        236   faddsub_clz.o
       388         76          0          0          0         96   fdiv.o
        62          4          0          0          0         84   ffixu.o
        38          0          0          0          0         68   fflt_clz.o
       258          4          0          0          0         84   fmul.o
       140          4          0          0          0         84   fnaninf.o
        10          0          0          0          0         68   fretinf.o
         4          0          0          0          0         68   printf1.o
         0          0          0          0          0          0   usenofp.o
        40          0          0          0          0         68   fpclassify.o

    ----------------------------------------------------------------------
      6622        312        234          0        100       4004   Library Totals
        14          0          1          0          4          0   (incl. Padding)

    ----------------------------------------------------------------------

      Code (inc. data)   RO Data    RW Data    ZI Data      Debug   Library Name

      5120        212        233          0         96       2996   c_w.l
      1448        100          0          0          0        940   fz_ws.l
        40          0          0          0          0         68   m_ws.l

    ----------------------------------------------------------------------
      6622        312        234          0        100       4004   Library Totals

    ----------------------------------------------------------------------

==============================================================================


      Code (inc. data)   RO Data    RW Data    ZI Data      Debug   

     24086       2282       6818        384       2872     341332   Grand Totals
     24086       2282       6818        104       2872     341332   ELF Image Totals (compressed)
     24086       2282       6818        104          0          0   ROM Totals

==============================================================================

    Total RO  Size (Code + RO Data)                30904 (  30.18kB)
    Total RW  Size (RW Data + ZI Data)              3256 (   3.18kB)
    Total ROM Size (Code + RO Data + RW Data)      31008 (  30.28kB)

==============================================================================

