(---------------------------------------------------------------------)
(                                                                     )
(    Allegro Netrev Import Logic                                      )
(                                                                     )
(    Drawing          : INA193_TEST_V10A.brd                          )
(    Software Version : 16.6-2015S095                                 )
(    Date/Time        : Tue Dec 05 19:13:36 2017                      )
(                                                                     )
(---------------------------------------------------------------------)


------ Directives ------------

Ripup etch:                  No
Ripup delete first segment:  No
Ripup retain bondwire:       No
Ripup symbols:               Always
Missing symbol has error:    No
DRC update:                  Yes
Schematic directory:         'H:/GitHub/Current-Shunt-Monitors/HARDWARE/INA193_TEST_V10A/SCH/ALLEGRO'
Design Directory:            'H:/GitHub/Current-Shunt-Monitors/HARDWARE/INA193_TEST_V10A/PCB'
Old design name:             'H:/GitHub/Current-Shunt-Monitors/HARDWARE/INA193_TEST_V10A/PCB/INA193_TEST_V10A.brd'
New design name:             'H:/GitHub/Current-Shunt-Monitors/HARDWARE/INA193_TEST_V10A/PCB/INA193_TEST_V10A.brd'

CmdLine: netrev -$ -i H:/GitHub/Current-Shunt-Monitors/HARDWARE/INA193_TEST_V10A/SCH/ALLEGRO -y 1 -q netrev_constraint_report.xml H:/GitHub/Current-Shunt-Monitors/HARDWARE/INA193_TEST_V10A/PCB/#Taaaaaw05524.tmp

------ Preparing to read pst files ------

Starting to read H:/GitHub/Current-Shunt-Monitors/HARDWARE/INA193_TEST_V10A/SCH/ALLEGRO/pstchip.dat 
   Finished reading H:/GitHub/Current-Shunt-Monitors/HARDWARE/INA193_TEST_V10A/SCH/ALLEGRO/pstchip.dat (00:00:00.06)
Starting to read H:/GitHub/Current-Shunt-Monitors/HARDWARE/INA193_TEST_V10A/SCH/ALLEGRO/pstxprt.dat 
   Finished reading H:/GitHub/Current-Shunt-Monitors/HARDWARE/INA193_TEST_V10A/SCH/ALLEGRO/pstxprt.dat (00:00:00.00)
Starting to read H:/GitHub/Current-Shunt-Monitors/HARDWARE/INA193_TEST_V10A/SCH/ALLEGRO/pstxnet.dat 
   Finished reading H:/GitHub/Current-Shunt-Monitors/HARDWARE/INA193_TEST_V10A/SCH/ALLEGRO/pstxnet.dat (00:00:00.00)

------ Oversights/Warnings/Errors ------


------ Library Paths ------
MODULEPATH =  . 
           D:/Cadence/SPB_16.6/share/local/pcb/modules 

PSMPATH =  E:/CadenceLib/allegro/ 
           . 
           symbols 
           .. 
           ../symbols 
           D:/Cadence/SPB_16.6/share/local/pcb/symbols 
           D:/Cadence/SPB_16.6/share/pcb/pcb_lib/symbols 
           D:/Cadence/SPB_16.6/share/pcb/allegrolib/symbols 
           E:/CADENCELIB/pad/ 

PADPATH =  E:/CadenceLib/pad/ 
           . 
           symbols 
           .. 
           ../symbols 
           D:/Cadence/SPB_16.6/share/local/pcb/padstacks 
           D:/Cadence/SPB_16.6/share/pcb/pcb_lib/symbols 
           D:/Cadence/SPB_16.6/share/pcb/allegrolib/symbols 


------ Summary Statistics ------


netrev run on Dec 5 19:13:36 2017
   DESIGN NAME : 'INA193_TEST_V10A'
   PACKAGING ON Feb 15 2016 19:53:59

   COMPILE 'logic'
   CHECK_PIN_NAMES OFF
   CROSS_REFERENCE OFF
   FEEDBACK OFF
   INCREMENTAL OFF
   INTERFACE_TYPE PHYSICAL
   MAX_ERRORS 500
   MERGE_MINIMUM 5
   NET_NAME_CHARS '#%&()*+-./:=>?@[]^_`|'
   NET_NAME_LENGTH 24
   OVERSIGHTS ON
   REPLACE_CHECK OFF
   SINGLE_NODE_NETS ON
   SPLIT_MINIMUM 0
   SUPPRESS   20
   WARNINGS ON

 No error detected
 No oversight detected
 No warning detected

cpu time      0:01:24
elapsed time  0:00:01

